Archive member included to satisfy reference by file (symbol)

/usr/lib/gcc/arm-none-eabi/5.4.1/../../../arm-none-eabi/lib/armv7-m/libc_nano.a(lib_a-atexit.o)
                              /usr/lib/gcc/arm-none-eabi/5.4.1/../../../arm-none-eabi/lib/armv7-m/crt0.o (atexit)
/usr/lib/gcc/arm-none-eabi/5.4.1/../../../arm-none-eabi/lib/armv7-m/libc_nano.a(lib_a-exit.o)
                              /usr/lib/gcc/arm-none-eabi/5.4.1/../../../arm-none-eabi/lib/armv7-m/crt0.o (exit)
/usr/lib/gcc/arm-none-eabi/5.4.1/../../../arm-none-eabi/lib/armv7-m/libc_nano.a(lib_a-fini.o)
                              /usr/lib/gcc/arm-none-eabi/5.4.1/../../../arm-none-eabi/lib/armv7-m/crt0.o (__libc_fini_array)
/usr/lib/gcc/arm-none-eabi/5.4.1/../../../arm-none-eabi/lib/armv7-m/libc_nano.a(lib_a-impure.o)
                              /usr/lib/gcc/arm-none-eabi/5.4.1/../../../arm-none-eabi/lib/armv7-m/libc_nano.a(lib_a-exit.o) (_global_impure_ptr)
/usr/lib/gcc/arm-none-eabi/5.4.1/../../../arm-none-eabi/lib/armv7-m/libc_nano.a(lib_a-init.o)
                              /usr/lib/gcc/arm-none-eabi/5.4.1/../../../arm-none-eabi/lib/armv7-m/crt0.o (__libc_init_array)
/usr/lib/gcc/arm-none-eabi/5.4.1/../../../arm-none-eabi/lib/armv7-m/libc_nano.a(lib_a-memcpy.o)
                              build/queue.o (memcpy)
/usr/lib/gcc/arm-none-eabi/5.4.1/../../../arm-none-eabi/lib/armv7-m/libc_nano.a(lib_a-memset.o)
                              /usr/lib/gcc/arm-none-eabi/5.4.1/../../../arm-none-eabi/lib/armv7-m/crt0.o (memset)
/usr/lib/gcc/arm-none-eabi/5.4.1/../../../arm-none-eabi/lib/armv7-m/libc_nano.a(lib_a-__atexit.o)
                              /usr/lib/gcc/arm-none-eabi/5.4.1/../../../arm-none-eabi/lib/armv7-m/libc_nano.a(lib_a-atexit.o) (__register_exitproc)
/usr/lib/gcc/arm-none-eabi/5.4.1/../../../arm-none-eabi/lib/armv7-m/libc_nano.a(lib_a-__call_atexit.o)
                              /usr/lib/gcc/arm-none-eabi/5.4.1/../../../arm-none-eabi/lib/armv7-m/libc_nano.a(lib_a-__atexit.o) (__call_exitprocs)
/usr/lib/gcc/arm-none-eabi/5.4.1/../../../arm-none-eabi/lib/armv7-m/libm.a(lib_a-s_cos.o)
                              build/FFT.o (cos)
/usr/lib/gcc/arm-none-eabi/5.4.1/../../../arm-none-eabi/lib/armv7-m/libm.a(lib_a-s_sin.o)
                              build/main.o (sin)
/usr/lib/gcc/arm-none-eabi/5.4.1/../../../arm-none-eabi/lib/armv7-m/libm.a(lib_a-e_rem_pio2.o)
                              /usr/lib/gcc/arm-none-eabi/5.4.1/../../../arm-none-eabi/lib/armv7-m/libm.a(lib_a-s_cos.o) (__ieee754_rem_pio2)
/usr/lib/gcc/arm-none-eabi/5.4.1/../../../arm-none-eabi/lib/armv7-m/libm.a(lib_a-k_cos.o)
                              /usr/lib/gcc/arm-none-eabi/5.4.1/../../../arm-none-eabi/lib/armv7-m/libm.a(lib_a-s_cos.o) (__kernel_cos)
/usr/lib/gcc/arm-none-eabi/5.4.1/../../../arm-none-eabi/lib/armv7-m/libm.a(lib_a-k_rem_pio2.o)
                              /usr/lib/gcc/arm-none-eabi/5.4.1/../../../arm-none-eabi/lib/armv7-m/libm.a(lib_a-e_rem_pio2.o) (__kernel_rem_pio2)
/usr/lib/gcc/arm-none-eabi/5.4.1/../../../arm-none-eabi/lib/armv7-m/libm.a(lib_a-k_sin.o)
                              /usr/lib/gcc/arm-none-eabi/5.4.1/../../../arm-none-eabi/lib/armv7-m/libm.a(lib_a-s_cos.o) (__kernel_sin)
/usr/lib/gcc/arm-none-eabi/5.4.1/../../../arm-none-eabi/lib/armv7-m/libm.a(lib_a-s_fabs.o)
                              /usr/lib/gcc/arm-none-eabi/5.4.1/../../../arm-none-eabi/lib/armv7-m/libm.a(lib_a-e_rem_pio2.o) (fabs)
/usr/lib/gcc/arm-none-eabi/5.4.1/../../../arm-none-eabi/lib/armv7-m/libm.a(lib_a-s_floor.o)
                              /usr/lib/gcc/arm-none-eabi/5.4.1/../../../arm-none-eabi/lib/armv7-m/libm.a(lib_a-k_rem_pio2.o) (floor)
/usr/lib/gcc/arm-none-eabi/5.4.1/../../../arm-none-eabi/lib/armv7-m/libm.a(lib_a-s_scalbn.o)
                              /usr/lib/gcc/arm-none-eabi/5.4.1/../../../arm-none-eabi/lib/armv7-m/libm.a(lib_a-k_rem_pio2.o) (scalbn)
/usr/lib/gcc/arm-none-eabi/5.4.1/../../../arm-none-eabi/lib/armv7-m/libm.a(lib_a-s_copysign.o)
                              /usr/lib/gcc/arm-none-eabi/5.4.1/../../../arm-none-eabi/lib/armv7-m/libm.a(lib_a-s_scalbn.o) (copysign)
/usr/lib/gcc/arm-none-eabi/5.4.1/../../../arm-none-eabi/lib/armv7-m/libnosys.a(_exit.o)
                              /usr/lib/gcc/arm-none-eabi/5.4.1/../../../arm-none-eabi/lib/armv7-m/libc_nano.a(lib_a-exit.o) (_exit)
/usr/lib/gcc/arm-none-eabi/5.4.1/armv7-m/libgcc.a(_arm_addsubdf3.o)
                              build/FFT.o (__aeabi_dsub)
/usr/lib/gcc/arm-none-eabi/5.4.1/armv7-m/libgcc.a(_arm_muldivdf3.o)
                              build/main.o (__aeabi_dmul)
/usr/lib/gcc/arm-none-eabi/5.4.1/armv7-m/libgcc.a(_arm_cmpdf2.o)
                              /usr/lib/gcc/arm-none-eabi/5.4.1/../../../arm-none-eabi/lib/armv7-m/libm.a(lib_a-e_rem_pio2.o) (__aeabi_dcmpeq)
/usr/lib/gcc/arm-none-eabi/5.4.1/armv7-m/libgcc.a(_arm_fixdfsi.o)
[...]
Memory Configuration

Name             Origin             Length             Attributes
RAM              0x20000000         0x00010000         xrw
FLASH            0x08000000         0x00080000         xr
*default*        0x00000000         0xffffffff

Linker script and memory map

LOAD /usr/lib/gcc/arm-none-eabi/5.4.1/armv7-m/crti.o
LOAD /usr/lib/gcc/arm-none-eabi/5.4.1/armv7-m/crtbegin.o
LOAD /usr/lib/gcc/arm-none-eabi/5.4.1/../../../arm-none-eabi/lib/armv7-m/crt0.o
LOAD build/main.o
LOAD build/FFT.o
LOAD build/freertos.o
LOAD build/stm32f1xx_it.o
LOAD build/stm32f1xx_hal_msp.o
LOAD build/stm32f1xx_hal_gpio_ex.o
LOAD build/stm32f1xx_hal_tim.o
LOAD build/stm32f1xx_hal_tim_ex.o
LOAD build/stm32f1xx_hal.o
LOAD build/stm32f1xx_hal_rcc.o
LOAD build/stm32f1xx_hal_rcc_ex.o
LOAD build/stm32f1xx_hal_gpio.o
LOAD build/stm32f1xx_hal_dma.o
LOAD build/stm32f1xx_hal_cortex.o
LOAD build/stm32f1xx_hal_pwr.o
LOAD build/stm32f1xx_hal_flash.o
LOAD build/stm32f1xx_hal_flash_ex.o
LOAD build/system_stm32f1xx.o
LOAD build/heap_4.o
LOAD build/port.o
LOAD build/list.o
LOAD build/croutine.o
LOAD build/timers.o
LOAD build/event_groups.o
LOAD build/tasks.o
LOAD build/queue.o
LOAD build/cmsis_os.o
LOAD build/stm32f1xx_hal_timebase_TIM.o
LOAD build/startup_stm32f103xe.o
LOAD /usr/lib/gcc/arm-none-eabi/5.4.1/../../../arm-none-eabi/lib/armv7-m/libc_nano.a
LOAD /usr/lib/gcc/arm-none-eabi/5.4.1/../../../arm-none-eabi/lib/armv7-m/libm.a
LOAD /usr/lib/gcc/arm-none-eabi/5.4.1/../../../arm-none-eabi/lib/armv7-m/libnosys.a
START GROUP
LOAD /usr/lib/gcc/arm-none-eabi/5.4.1/armv7-m/libgcc.a
LOAD /usr/lib/gcc/arm-none-eabi/5.4.1/../../../arm-none-eabi/lib/armv7-m/libc_nano.a
END GROUP
START GROUP
LOAD /usr/lib/gcc/arm-none-eabi/5.4.1/armv7-m/libgcc.a
LOAD /usr/lib/gcc/arm-none-eabi/5.4.1/../../../arm-none-eabi/lib/armv7-m/libc_nano.a
END GROUP
LOAD /usr/lib/gcc/arm-none-eabi/5.4.1/armv7-m/crtend.o
LOAD /usr/lib/gcc/arm-none-eabi/5.4.1/armv7-m/crtn.o
                0x20010000                _estack = 0x20010000
                0x00000200                _Min_Heap_Size = 0x200
                0x00000400                _Min_Stack_Size = 0x400

.isr_vector     0x08000000      0x1e4
                0x08000000                . = ALIGN (0x4)
 *(.isr_vector)
 .isr_vector    0x08000000      0x1e4 build/startup_stm32f103xe.o
                0x08000000                g_pfnVectors
                0x080001e4                . = ALIGN (0x4)

.text           0x080001f0     0x3f2c
                0x080001f0                . = ALIGN (0x4)
 *(.text)
 .text          0x080001f0       0xa4 /usr/lib/gcc/arm-none-eabi/5.4.1/armv7-m/crtbegin.o
 .text          0x08000294       0x50 /usr/lib/gcc/arm-none-eabi/5.4.1/../../../arm-none-eabi/lib/armv7-m/libc_nano.a(lib_a-init.o)
                0x08000294                __libc_init_array
 .text          0x080002e4       0x90 /usr/lib/gcc/arm-none-eabi/5.4.1/../../../arm-none-eabi/lib/armv7-m/libm.a(lib_a-s_cos.o)
                0x080002e4                cos
 .text          0x08000374       0x90 /usr/lib/gcc/arm-none-eabi/5.4.1/../../../arm-none-eabi/lib/armv7-m/libm.a(lib_a-s_sin.o)
                0x08000374                sin
 *fill*         0x08000404        0x4 
 .text          0x08000408      0x42c /usr/lib/gcc/arm-none-eabi/5.4.1/../../../arm-none-eabi/lib/armv7-m/libm.a(lib_a-e_rem_pio2.o)
                0x08000408                __ieee754_rem_pio2
 *fill*         0x08000834        0x4 
 .text          0x08000838      0x248 /usr/lib/gcc/arm-none-eabi/5.4.1/../../../arm-none-eabi/lib/armv7-m/libm.a(lib_a-k_cos.o)
                0x08000838                __kernel_cos
 .text          0x08000a80      0x7f0 /usr/lib/gcc/arm-none-eabi/5.4.1/../../../arm-none-eabi/lib/armv7-m/libm.a(lib_a-k_rem_pio2.o)
                0x08000a80                __kernel_rem_pio2
 .text          0x08001270      0x16c /usr/lib/gcc/arm-none-eabi/5.4.1/../../../arm-none-eabi/lib/armv7-m/libm.a(lib_a-k_sin.o)
                0x08001270                __kernel_sin
 .text          0x080013dc        0x8 /usr/lib/gcc/arm-none-eabi/5.4.1/../../../arm-none-eabi/lib/armv7-m/libm.a(lib_a-s_fabs.o)
                0x080013dc                fabs
 *fill*         0x080013e4        0x4 
 .text          0x080013e8      0x110 /usr/lib/gcc/arm-none-eabi/5.4.1/../../../arm-none-eabi/lib/armv7-m/libm.a(lib_a-s_floor.o)
                0x080013e8                floor
 .text          0x080014f8       0xe4 /usr/lib/gcc/arm-none-eabi/5.4.1/../../../arm-none-eabi/lib/armv7-m/libm.a(lib_a-s_scalbn.o)
                0x080014f8                scalbn
 .text          0x080015dc       0x10 /usr/lib/gcc/arm-none-eabi/5.4.1/../../../arm-none-eabi/lib/armv7-m/libm.a(lib_a-s_copysign.o)
                0x080015dc                copysign
 .text          0x080015ec      0x370 /usr/lib/gcc/arm-none-eabi/5.4.1/armv7-m/libgcc.a(_arm_addsubdf3.o)
                0x080015ec                __aeabi_drsub
                0x080015f4                __aeabi_dsub
                0x080015f4                __subdf3
                0x080015f8                __adddf3
                0x080015f8                __aeabi_dadd
                0x08001870                __aeabi_ui2d
                0x08001870                __floatunsidf
                0x08001890                __floatsidf
                0x08001890                __aeabi_i2d
                0x080018b4                __extendsfdf2
                0x080018b4                __aeabi_f2d
                0x080018f0                __aeabi_ul2d
                0x080018f0                __floatundidf
                0x08001900                __floatdidf
                0x08001900                __aeabi_l2d
 .text          0x0800195c      0x424 /usr/lib/gcc/arm-none-eabi/5.4.1/armv7-m/libgcc.a(_arm_muldivdf3.o)
                0x0800195c                __aeabi_dmul
                0x0800195c                __muldf3
                0x08001bb0                __aeabi_ddiv
                0x08001bb0                __divdf3
 .text          0x08001d80      0x110 /usr/lib/gcc/arm-none-eabi/5.4.1/armv7-m/libgcc.a(_arm_cmpdf2.o)
                0x08001d80                __gtdf2
                0x08001d80                __gedf2
                0x08001d88                __ltdf2
                0x08001d88                __ledf2
                0x08001d90                __cmpdf2
                0x08001d90                __eqdf2
                0x08001d90                __nedf2
                0x08001e0c                __aeabi_cdrcmple
                0x08001e1c                __aeabi_cdcmple
                0x08001e1c                __aeabi_cdcmpeq
                0x08001e2c                __aeabi_dcmpeq
                0x08001e40                __aeabi_dcmplt
                0x08001e54                __aeabi_dcmple
                0x08001e68                __aeabi_dcmpge
                0x08001e7c                __aeabi_dcmpgt
 .text          0x08001e90       0x50 /usr/lib/gcc/arm-none-eabi/5.4.1/armv7-m/libgcc.a(_arm_fixdfsi.o)
                0x08001e90                __fixdfsi
                0x08001e90                __aeabi_d2iz
 *(.text*)
 .text.MX_GPIO_Init
                0x08001ee0       0x5c build/main.o
 .text.configure_tracing
                0x08001f3c       0xbc build/main.o
                0x08001f3c                configure_tracing
 .text.configure_watchpoint
                0x08001ff8       0x18 build/main.o
                0x08001ff8                configure_watchpoint
 .text.ITM_Print
                0x08002010       0x48 build/main.o
                0x08002010                ITM_Print
 .text.Func_LED0
                0x08002058       0xac build/main.o
                0x08002058                Func_LED0
 .text.bubble_sort
                0x08002104       0x40 build/main.o
                0x08002104                bubble_sort
 .text.Func_LED1
                0x08002144       0x80 build/main.o
                0x08002144                Func_LED1
 .text.HAL_TIM_PeriodElapsedCallback
                0x080021c4       0x14 build/main.o
                0x080021c4                HAL_TIM_PeriodElapsedCallback
 .text._Error_Handler
                0x080021d8        0x4 build/main.o
                0x080021d8                _Error_Handler
 .text.SystemClock_Config
                0x080021dc       0x88 build/main.o
                0x080021dc                SystemClock_Config
 .text.main     0x08002264       0x60 build/main.o
                0x08002264                main
 .text.ChangeSeat
                0x080022c4       0x4c build/FFT.o
                0x080022c4                ChangeSeat
 .text.XX_complex
                0x08002310       0x88 build/FFT.o
                0x08002310                XX_complex
 .text.FFT      0x08002398      0x12c build/FFT.o
                0x08002398                FFT
 *fill*         0x080024c4        0x4 
 .text.IFFT     0x080024c8      0x12c build/FFT.o
                0x080024c8                IFFT
 .text.FindInsertIndex
                0x080025f4       0x38 build/FFT.o
                0x080025f4                FindInsertIndex
 .text.BinaryInsertSort
                0x0800262c       0x44 build/FFT.o
                0x0800262c                BinaryInsertSort
 .text.NMI_Handler
                0x08002670        0x4 build/stm32f1xx_it.o
                0x08002670                NMI_Handler
 .text.HardFault_Handler
                0x08002674        0x4 build/stm32f1xx_it.o
                0x08002674                HardFault_Handler
 .text.MemManage_Handler
                0x08002678        0x4 build/stm32f1xx_it.o
                0x08002678                MemManage_Handler
 .text.BusFault_Handler
                0x0800267c        0x4 build/stm32f1xx_it.o
                0x0800267c                BusFault_Handler
 .text.UsageFault_Handler
                0x08002680        0x4 build/stm32f1xx_it.o
                0x08002680                UsageFault_Handler
 .text.DebugMon_Handler
                0x08002684        0x4 build/stm32f1xx_it.o
                0x08002684                DebugMon_Handler
 .text.SysTick_Handler
                0x08002688        0x8 build/stm32f1xx_it.o
                0x08002688                SysTick_Handler
 .text.TIM4_IRQHandler
                0x08002690       0x10 build/stm32f1xx_it.o
                0x08002690                TIM4_IRQHandler
 .text.HAL_MspInit
                0x080026a0       0xa0 build/stm32f1xx_hal_msp.o
                0x080026a0                HAL_MspInit
 .text.HAL_TIM_Base_MspInit
                0x08002740        0x4 build/stm32f1xx_hal_tim.o
                0x08002740                HAL_TIM_Base_MspInit
 .text.HAL_TIM_Base_Start_IT
                0x08002744       0x18 build/stm32f1xx_hal_tim.o
                0x08002744                HAL_TIM_Base_Start_IT
 .text.HAL_TIM_OC_DelayElapsedCallback
                0x0800275c        0x4 build/stm32f1xx_hal_tim.o
                0x0800275c                HAL_TIM_OC_DelayElapsedCallback
 .text.HAL_TIM_IC_CaptureCallback
                0x08002760        0x4 build/stm32f1xx_hal_tim.o
                0x08002760                HAL_TIM_IC_CaptureCallback
 .text.HAL_TIM_PWM_PulseFinishedCallback
                0x08002764        0x4 build/stm32f1xx_hal_tim.o
                0x08002764                HAL_TIM_PWM_PulseFinishedCallback
 .text.HAL_TIM_TriggerCallback
                0x08002768        0x4 build/stm32f1xx_hal_tim.o
                0x08002768                HAL_TIM_TriggerCallback
 .text.HAL_TIM_IRQHandler
                0x0800276c      0x174 build/stm32f1xx_hal_tim.o
                0x0800276c                HAL_TIM_IRQHandler
 .text.TIM_Base_SetConfig
                0x080028e0       0x98 build/stm32f1xx_hal_tim.o
                0x080028e0                TIM_Base_SetConfig
 .text.HAL_TIM_Base_Init
                0x08002978       0x38 build/stm32f1xx_hal_tim.o
                0x08002978                HAL_TIM_Base_Init
 .text.HAL_TIMEx_CommutationCallback
                0x080029b0        0x4 build/stm32f1xx_hal_tim_ex.o
                0x080029b0                HAL_TIMEx_CommutationCallback
 .text.HAL_TIMEx_BreakCallback
                0x080029b4        0x4 build/stm32f1xx_hal_tim_ex.o
                0x080029b4                HAL_TIMEx_BreakCallback
 .text.HAL_Init
                0x080029b8       0x24 build/stm32f1xx_hal.o
                0x080029b8                HAL_Init
 .text.HAL_IncTick
                0x080029dc       0x18 build/stm32f1xx_hal.o
                0x080029dc                HAL_IncTick
 .text.HAL_GetTick
                0x080029f4        0xc build/stm32f1xx_hal.o
                0x080029f4                HAL_GetTick
 .text.RCC_Delay
                0x08002a00       0x2c build/stm32f1xx_hal_rcc.o
 .text.HAL_RCC_OscConfig
                0x08002a2c      0x400 build/stm32f1xx_hal_rcc.o
                0x08002a2c                HAL_RCC_OscConfig
 .text.HAL_RCC_GetSysClockFreq
                0x08002e2c       0x70 build/stm32f1xx_hal_rcc.o
                0x08002e2c                HAL_RCC_GetSysClockFreq
 .text.HAL_RCC_ClockConfig
                0x08002e9c      0x184 build/stm32f1xx_hal_rcc.o
                0x08002e9c                HAL_RCC_ClockConfig
 .text.HAL_RCC_GetHCLKFreq
                0x08003020        0xc build/stm32f1xx_hal_rcc.o
                0x08003020                HAL_RCC_GetHCLKFreq
 .text.HAL_RCC_GetPCLK1Freq
                0x0800302c       0x20 build/stm32f1xx_hal_rcc.o
                0x0800302c                HAL_RCC_GetPCLK1Freq
 .text.HAL_RCC_GetClockConfig
                0x0800304c       0x3c build/stm32f1xx_hal_rcc.o
                0x0800304c                HAL_RCC_GetClockConfig
 .text.HAL_GPIO_Init
                0x08003088      0x1ec build/stm32f1xx_hal_gpio.o
                0x08003088                HAL_GPIO_Init
 .text.HAL_GPIO_WritePin
                0x08003274        0xc build/stm32f1xx_hal_gpio.o
                0x08003274                HAL_GPIO_WritePin
 .text.HAL_NVIC_SetPriorityGrouping
                0x08003280       0x24 build/stm32f1xx_hal_cortex.o
                0x08003280                HAL_NVIC_SetPriorityGrouping
 .text.HAL_NVIC_SetPriority
                0x080032a4       0x64 build/stm32f1xx_hal_cortex.o
                0x080032a4                HAL_NVIC_SetPriority
 .text.HAL_NVIC_EnableIRQ
                0x08003308       0x18 build/stm32f1xx_hal_cortex.o
                0x08003308                HAL_NVIC_EnableIRQ
 .text.HAL_SYSTICK_Config
                0x08003320       0x2c build/stm32f1xx_hal_cortex.o
                0x08003320                HAL_SYSTICK_Config
 .text.HAL_SYSTICK_CLKSourceConfig
                0x0800334c       0x20 build/stm32f1xx_hal_cortex.o
                0x0800334c                HAL_SYSTICK_CLKSourceConfig
 .text.SystemInit
                0x0800336c       0x4c build/system_stm32f1xx.o
                0x0800336c                SystemInit
 .text.prvHeapInit
                0x080033b8       0x64 build/heap_4.o
 .text.prvInsertBlockIntoFreeList
                0x0800341c       0x54 build/heap_4.o
 .text.pvPortMalloc
                0x08003470      0x104 build/heap_4.o
                0x08003470                pvPortMalloc
 .text.vPortFree
                0x08003574       0x78 build/heap_4.o
                0x08003574                vPortFree
 .text.prvTaskExitError
                0x080035ec       0x34 build/port.o
 .text.prvPortStartFirstTask
                0x08003620       0x20 build/port.o
 .text.pxPortInitialiseStack
                0x08003640       0x24 build/port.o
                0x08003640                pxPortInitialiseStack
 *fill*         0x08003664        0xc 
 .text.SVC_Handler
                0x08003670       0x24 build/port.o
                0x08003670                SVC_Handler
 .text.vPortEnterCritical
                0x08003694       0x44 build/port.o
                0x08003694                vPortEnterCritical
 .text.vPortExitCritical
                0x080036d8       0x2c build/port.o
                0x080036d8                vPortExitCritical
 *fill*         0x08003704        0xc 
 .text.PendSV_Handler
                0x08003710       0x44 build/port.o
                0x08003710                PendSV_Handler
 .text.xPortSysTickHandler
                0x08003754       0x2c build/port.o
                0x08003754                xPortSysTickHandler
 .text.vPortSetupTimerInterrupt
                0x08003780       0x2c build/port.o
                0x08003780                vPortSetupTimerInterrupt
 .text.xPortStartScheduler
                0x080037ac       0x98 build/port.o
                0x080037ac                xPortStartScheduler
 .text.vListInitialise
                0x08003844       0x18 build/list.o
                0x08003844                vListInitialise
 .text.vListInitialiseItem
                0x0800385c        0x8 build/list.o
                0x0800385c                vListInitialiseItem
 .text.vListInsertEnd
                0x08003864       0x18 build/list.o
                0x08003864                vListInsertEnd
 .text.vListInsert
                0x0800387c       0x34 build/list.o
                0x0800387c                vListInsert
 .text.uxListRemove
                0x080038b0       0x24 build/list.o
                0x080038b0                uxListRemove
 .text.prvResetNextTaskUnblockTime
                0x080038d4       0x34 build/tasks.o
 .text.prvDeleteTCB
                0x08003908       0x14 build/tasks.o
 .text.prvInitialiseNewTask
                0x0800391c       0x80 build/tasks.o
 .text.prvInitialiseTaskLists
                0x0800399c       0x68 build/tasks.o
 .text.prvAddNewTaskToReadyList
                0x08003a04       0xa8 build/tasks.o
 .text.prvAddCurrentTaskToDelayedList
                0x08003aac       0x98 build/tasks.o
 .text.xTaskCreate
                0x08003b44       0x64 build/tasks.o
                0x08003b44                xTaskCreate
 .text.vTaskStartScheduler
                0x08003ba8       0x7c build/tasks.o
                0x08003ba8                vTaskStartScheduler
 .text.vTaskSuspendAll
                0x08003c24       0x10 build/tasks.o
                0x08003c24                vTaskSuspendAll
 .text.xTaskIncrementTick
                0x08003c34      0x124 build/tasks.o
                0x08003c34                xTaskIncrementTick
 .text.xTaskResumeAll
                0x08003d58       0xf8 build/tasks.o
                0x08003d58                xTaskResumeAll
 .text.vTaskDelay
                0x08003e50       0x50 build/tasks.o
                0x08003e50                vTaskDelay
 .text.prvCheckTasksWaitingTermination
                0x08003ea0       0x54 build/tasks.o
 .text.prvIdleTask
                0x08003ef4       0x28 build/tasks.o
 .text.vTaskSwitchContext
                0x08003f1c       0x94 build/tasks.o
                0x08003f1c                vTaskSwitchContext
 .text.xTaskGetSchedulerState
                0x08003fb0       0x20 build/tasks.o
                0x08003fb0                xTaskGetSchedulerState
 .text.makeFreeRtosPriority
                0x08003fd0        0xc build/cmsis_os.o
 .text.osKernelStart
                0x08003fdc        0xc build/cmsis_os.o
                0x08003fdc                osKernelStart
 .text.osThreadCreate
                0x08003fe8       0x34 build/cmsis_os.o
                0x08003fe8                osThreadCreate
 .text.osDelay  0x0800401c       0x10 build/cmsis_os.o
                0x0800401c                osDelay
 .text.osSystickHandler
                0x0800402c       0x10 build/cmsis_os.o
                0x0800402c                osSystickHandler
 .text.HAL_InitTick
                0x0800403c       0x7c build/stm32f1xx_hal_timebase_TIM.o
                0x0800403c                HAL_InitTick
 .text.Reset_Handler
                0x080040b8       0x48 build/startup_stm32f103xe.o
                0x080040b8                Reset_Handler
 .text.Default_Handler
                0x08004100        0x2 build/startup_stm32f103xe.o
                0x08004100                RTC_Alarm_IRQHandler
                0x08004100                EXTI2_IRQHandler
                0x08004100                TIM8_TRG_COM_IRQHandler
                0x08004100                TIM8_CC_IRQHandler
                0x08004100                TIM1_CC_IRQHandler
                0x08004100                TIM6_IRQHandler
                0x08004100                PVD_IRQHandler
                0x08004100                SDIO_IRQHandler
                0x08004100                EXTI3_IRQHandler
                0x08004100                EXTI0_IRQHandler
                0x08004100                I2C2_EV_IRQHandler
                0x08004100                ADC1_2_IRQHandler
                0x08004100                SPI1_IRQHandler
                0x08004100                TAMPER_IRQHandler
                0x08004100                TIM8_UP_IRQHandler
                0x08004100                DMA2_Channel2_IRQHandler
                0x08004100                DMA1_Channel4_IRQHandler
                0x08004100                USART3_IRQHandler
                0x08004100                RTC_IRQHandler
                0x08004100                DMA1_Channel7_IRQHandler
                0x08004100                CAN1_RX1_IRQHandler
                0x08004100                UART5_IRQHandler
                0x08004100                ADC3_IRQHandler
                0x08004100                DMA2_Channel1_IRQHandler
                0x08004100                I2C1_EV_IRQHandler
                0x08004100                DMA1_Channel6_IRQHandler
                0x08004100                UART4_IRQHandler
                0x08004100                TIM3_IRQHandler
                0x08004100                RCC_IRQHandler
                0x08004100                TIM1_TRG_COM_IRQHandler
                0x08004100                DMA1_Channel1_IRQHandler
                0x08004100                Default_Handler
                0x08004100                EXTI15_10_IRQHandler
                0x08004100                TIM7_IRQHandler
                0x08004100                TIM5_IRQHandler
                0x08004100                EXTI9_5_IRQHandler
                0x08004100                SPI2_IRQHandler
                0x08004100                DMA1_Channel5_IRQHandler
                0x08004100                EXTI4_IRQHandler
                0x08004100                USB_LP_CAN1_RX0_IRQHandler
                0x08004100                USB_HP_CAN1_TX_IRQHandler
                0x08004100                DMA1_Channel3_IRQHandler
                0x08004100                FSMC_IRQHandler
                0x08004100                TIM1_UP_IRQHandler
                0x08004100                WWDG_IRQHandler
                0x08004100                TIM2_IRQHandler
                0x08004100                TIM1_BRK_IRQHandler
                0x08004100                EXTI1_IRQHandler
                0x08004100                DMA2_Channel4_5_IRQHandler
                0x08004100                USART2_IRQHandler
                0x08004100                I2C2_ER_IRQHandler
                0x08004100                DMA1_Channel2_IRQHandler
                0x08004100                TIM8_BRK_IRQHandler
                0x08004100                CAN1_SCE_IRQHandler
                0x08004100                FLASH_IRQHandler
                0x08004100                USART1_IRQHandler
                0x08004100                SPI3_IRQHandler
                0x08004100                I2C1_ER_IRQHandler
                0x08004100                USBWakeUp_IRQHandler
                0x08004100                DMA2_Channel3_IRQHandler
 *(.glue_7)
 .glue_7        0x08004102        0x0 linker stubs
 *(.glue_7t)
 .glue_7t       0x08004102        0x0 linker stubs
 *(.eh_frame)
 *fill*         0x08004102        0x2 
 .eh_frame      0x08004104        0x0 /usr/lib/gcc/arm-none-eabi/5.4.1/armv7-m/crtbegin.o
 *(.init)
 .init          0x08004104        0x4 /usr/lib/gcc/arm-none-eabi/5.4.1/armv7-m/crti.o
                0x08004104                _init
 .init          0x08004108        0x8 /usr/lib/gcc/arm-none-eabi/5.4.1/armv7-m/crtn.o
 *(.fini)
 .fini          0x08004110        0x4 /usr/lib/gcc/arm-none-eabi/5.4.1/armv7-m/crti.o
                0x08004110                _fini
 .fini          0x08004114        0x8 /usr/lib/gcc/arm-none-eabi/5.4.1/armv7-m/crtn.o
                0x0800411c                . = ALIGN (0x4)
                0x0800411c                _etext = .

.vfp11_veneer   0x0800411c        0x0
 .vfp11_veneer  0x0800411c        0x0 linker stubs

.v4_bx          0x0800411c        0x0
 .v4_bx         0x0800411c        0x0 linker stubs

.iplt           0x0800411c        0x0
 .iplt          0x0800411c        0x0 /usr/lib/gcc/arm-none-eabi/5.4.1/armv7-m/crtbegin.o

.rodata         0x08004120      0x28c
                0x08004120                . = ALIGN (0x4)
 *(.rodata)
 .rodata        0x08004120       0x50 build/main.o
 .rodata        0x08004170       0x12 build/stm32f1xx_hal_rcc.o
 *fill*         0x08004182        0x2 
 .rodata        0x08004184      0x188 /usr/lib/gcc/arm-none-eabi/5.4.1/../../../arm-none-eabi/lib/armv7-m/libm.a(lib_a-e_rem_pio2.o)
 *fill*         0x0800430c        0x4 
 .rodata        0x08004310       0x50 /usr/lib/gcc/arm-none-eabi/5.4.1/../../../arm-none-eabi/lib/armv7-m/libm.a(lib_a-k_rem_pio2.o)
 *(.rodata*)
 .rodata.str1.4
                0x08004360       0x2a build/main.o
 *fill*         0x0800438a        0x2 
 .rodata.AHBPrescTable
                0x0800438c       0x10 build/system_stm32f1xx.o
                0x0800438c                AHBPrescTable
 .rodata.APBPrescTable
                0x0800439c        0x8 build/system_stm32f1xx.o
                0x0800439c                APBPrescTable
 .rodata.str1.4
                0x080043a4        0x8 build/tasks.o
                                  0x5 (size before relaxing)
                0x080043ac                . = ALIGN (0x4)

.rel.dyn        0x080043ac        0x0
 .rel.iplt      0x080043ac        0x0 /usr/lib/gcc/arm-none-eabi/5.4.1/armv7-m/crtbegin.o

.ARM.extab
 *(.ARM.extab* .gnu.linkonce.armextab.*)

.ARM            0x080043ac        0x0
                0x080043ac                __exidx_start = .
 *(.ARM.exidx*)
                0x080043ac                __exidx_end = .

.preinit_array  0x080043ac        0x0
                0x080043ac                PROVIDE (__preinit_array_start, .)
 *(.preinit_array*)
                0x080043ac                PROVIDE (__preinit_array_end, .)

.init_array     0x080043ac        0x4
                0x080043ac                PROVIDE (__init_array_start, .)
 *(SORT(.init_array.*))
 *(.init_array*)
 .init_array    0x080043ac        0x4 /usr/lib/gcc/arm-none-eabi/5.4.1/armv7-m/crtbegin.o
                0x080043b0                PROVIDE (__init_array_end, .)

.fini_array     0x080043b0        0x4
                0x080043b0                PROVIDE (__fini_array_start, .)
 *(SORT(.fini_array.*))
 *(.fini_array*)
 .fini_array    0x080043b0        0x4 /usr/lib/gcc/arm-none-eabi/5.4.1/armv7-m/crtbegin.o
                0x080043b4                PROVIDE (__fini_array_end, .)
                0x080043b4                _sidata = LOADADDR (.data)

.data           0x20000000        0xc load address 0x080043b4
                0x20000000                . = ALIGN (0x4)
                0x20000000                _sdata = .
 *(.data)
 *(.data*)
 .data.uwTickFreq
                0x20000000        0x1 build/stm32f1xx_hal.o
                0x20000000                uwTickFreq
 *fill*         0x20000001        0x3 
 .data.SystemCoreClock
                0x20000004        0x4 build/system_stm32f1xx.o
                0x20000004                SystemCoreClock
 .data.uxCriticalNesting
                0x20000008        0x4 build/port.o
                0x2000000c                . = ALIGN (0x4)
                0x2000000c                _edata = .

.jcr            0x2000000c        0x0 load address 0x080043c0
 .jcr           0x2000000c        0x0 /usr/lib/gcc/arm-none-eabi/5.4.1/armv7-m/crtbegin.o

.tm_clone_table
                0x2000000c        0x0 load address 0x080043c0
 .tm_clone_table
                0x2000000c        0x0 /usr/lib/gcc/arm-none-eabi/5.4.1/armv7-m/crtbegin.o
 .tm_clone_table
                0x2000000c        0x0 /usr/lib/gcc/arm-none-eabi/5.4.1/armv7-m/crtend.o

.igot.plt       0x2000000c        0x0 load address 0x080043c0
 .igot.plt      0x2000000c        0x0 /usr/lib/gcc/arm-none-eabi/5.4.1/armv7-m/crtbegin.o
                0x2000000c                . = ALIGN (0x4)

.bss            0x20000010      0xe80 load address 0x080043c0
                0x20000010                _sbss = .
                0x20000010                __bss_start__ = _sbss
 *(.bss)
 .bss           0x20000010       0x1c /usr/lib/gcc/arm-none-eabi/5.4.1/armv7-m/crtbegin.o
 *(.bss*)
 .bss.globalCounter
                0x2000002c        0x4 build/main.o
                0x2000002c                globalCounter
 .bss.xFreeBytesRemaining
                0x20000030        0x4 build/heap_4.o
 .bss.pxEnd     0x20000034        0x4 build/heap_4.o
 .bss.xStart    0x20000038        0x8 build/heap_4.o
 .bss.ucHeap    0x20000040      0xc00 build/heap_4.o
 .bss.xBlockAllocatedBit
                0x20000c40        0x4 build/heap_4.o
 .bss.xMinimumEverFreeBytesRemaining
                0x20000c44        0x4 build/heap_4.o
 .bss.ucMaxSysCallPriority
                0x20000c48        0x1 build/port.o
 *fill*         0x20000c49        0x3 
 .bss.ulMaxPRIGROUPValue
                0x20000c4c        0x4 build/port.o
 .bss.xNumOfOverflows
                0x20000c50        0x4 build/tasks.o
 .bss.pxDelayedTaskList
                0x20000c54        0x4 build/tasks.o
 .bss.xSchedulerRunning
                0x20000c58        0x4 build/tasks.o
 .bss.xTasksWaitingTermination
                0x20000c5c       0x14 build/tasks.o
 .bss.pxOverflowDelayedTaskList
                0x20000c70        0x4 build/tasks.o
 .bss.uxPendedTicks
                0x20000c74        0x4 build/tasks.o
 .bss.pxReadyTasksLists
                0x20000c78       0x8c build/tasks.o
 .bss.uxSchedulerSuspended
                0x20000d04        0x4 build/tasks.o
 .bss.uxDeletedTasksWaitingCleanUp
                0x20000d08        0x4 build/tasks.o
 .bss.uxCurrentNumberOfTasks
                0x20000d0c        0x4 build/tasks.o
 .bss.pxCurrentTCB
                0x20000d10        0x4 build/tasks.o
                0x20000d10                pxCurrentTCB
 .bss.xPendingReadyList
                0x20000d14       0x14 build/tasks.o
 .bss.xIdleTaskHandle
                0x20000d28        0x4 build/tasks.o
 .bss.xTickCount
                0x20000d2c        0x4 build/tasks.o
 .bss.xNextTaskUnblockTime
                0x20000d30        0x4 build/tasks.o
 .bss.uxTaskNumber
                0x20000d34        0x4 build/tasks.o
 .bss.xDelayedTaskList1
                0x20000d38       0x14 build/tasks.o
 .bss.xDelayedTaskList2
                0x20000d4c       0x14 build/tasks.o
 .bss.xSuspendedTaskList
                0x20000d60       0x14 build/tasks.o
 .bss.uxTopReadyPriority
                0x20000d74        0x4 build/tasks.o
 .bss.xYieldPending
                0x20000d78        0x4 build/tasks.o
 *(COMMON)
 *fill*         0x20000d7c        0x4 
 COMMON         0x20000d80       0xcc build/main.o
                0x20000d80                data
                0x20000e00                Task_LED0Handle
                0x20000e08                result
                0x20000e48                Task_LED1Handle
 COMMON         0x20000e4c        0x4 build/stm32f1xx_hal.o
                0x20000e4c                uwTick
 COMMON         0x20000e50       0x40 build/stm32f1xx_hal_timebase_TIM.o
                0x20000e50                htim4
                0x20000e90                . = ALIGN (0x4)
                0x20000e90                _ebss = .
                0x20000e90                __bss_end__ = _ebss

._user_heap_stack
                0x20000e90      0x600 load address 0x080043c0
                0x20000e90                . = ALIGN (0x8)
                [!provide]                PROVIDE (end, .)
                [!provide]                PROVIDE (_end, .)
                0x20001090                . = (. + _Min_Heap_Size)
 *fill*         0x20000e90      0x200 
                0x20001490                . = (. + _Min_Stack_Size)
 *fill*         0x20001090      0x400 
                0x20001490                . = ALIGN (0x8)

/DISCARD/
 libc.a(*)
 libm.a(*)
 libgcc.a(*)

.ARM.attributes
                0x00000000       0x29
 *(.ARM.attributes)
 .ARM.attributes
                0x00000000       0x1d /usr/lib/gcc/arm-none-eabi/5.4.1/armv7-m/crti.o
 .ARM.attributes
                0x0000001d       0x2d /usr/lib/gcc/arm-none-eabi/5.4.1/armv7-m/crtbegin.o
 .ARM.attributes
                0x0000004a       0x33 build/main.o
 .ARM.attributes
                0x0000007d       0x33 build/FFT.o
 .ARM.attributes
                0x000000b0       0x33 build/stm32f1xx_it.o
 .ARM.attributes
                0x000000e3       0x33 build/stm32f1xx_hal_msp.o
 .ARM.attributes
                0x00000116       0x33 build/stm32f1xx_hal_tim.o
 .ARM.attributes
                0x00000149       0x33 build/stm32f1xx_hal_tim_ex.o
 .ARM.attributes
                0x0000017c       0x33 build/stm32f1xx_hal.o
 .ARM.attributes
                0x000001af       0x33 build/stm32f1xx_hal_rcc.o
 .ARM.attributes
                0x000001e2       0x33 build/stm32f1xx_hal_gpio.o
 .ARM.attributes
                0x00000215       0x33 build/stm32f1xx_hal_cortex.o
 .ARM.attributes
                0x00000248       0x33 build/system_stm32f1xx.o
 .ARM.attributes
                0x0000027b       0x33 build/heap_4.o
 .ARM.attributes
                0x000002ae       0x33 build/port.o
 .ARM.attributes
                0x000002e1       0x33 build/list.o
 .ARM.attributes
                0x00000314       0x33 build/tasks.o
 .ARM.attributes
                0x00000347       0x33 build/cmsis_os.o
 .ARM.attributes
                0x0000037a       0x33 build/stm32f1xx_hal_timebase_TIM.o
 .ARM.attributes
                0x000003ad       0x21 build/startup_stm32f103xe.o
 .ARM.attributes
                0x000003ce       0x2d /usr/lib/gcc/arm-none-eabi/5.4.1/../../../arm-none-eabi/lib/armv7-m/libc_nano.a(lib_a-init.o)
 .ARM.attributes
                0x000003fb       0x2d /usr/lib/gcc/arm-none-eabi/5.4.1/../../../arm-none-eabi/lib/armv7-m/libm.a(lib_a-s_cos.o)
 .ARM.attributes
                0x00000428       0x2d /usr/lib/gcc/arm-none-eabi/5.4.1/../../../arm-none-eabi/lib/armv7-m/libm.a(lib_a-s_sin.o)
 .ARM.attributes
                0x00000455       0x2d /usr/lib/gcc/arm-none-eabi/5.4.1/../../../arm-none-eabi/lib/armv7-m/libm.a(lib_a-e_rem_pio2.o)
 .ARM.attributes
                0x00000482       0x2d /usr/lib/gcc/arm-none-eabi/5.4.1/../../../arm-none-eabi/lib/armv7-m/libm.a(lib_a-k_cos.o)
 .ARM.attributes
                0x000004af       0x2d /usr/lib/gcc/arm-none-eabi/5.4.1/../../../arm-none-eabi/lib/armv7-m/libm.a(lib_a-k_rem_pio2.o)
 .ARM.attributes
                0x000004dc       0x2d /usr/lib/gcc/arm-none-eabi/5.4.1/../../../arm-none-eabi/lib/armv7-m/libm.a(lib_a-k_sin.o)
 .ARM.attributes
                0x00000509       0x2d /usr/lib/gcc/arm-none-eabi/5.4.1/../../../arm-none-eabi/lib/armv7-m/libm.a(lib_a-s_fabs.o)
 .ARM.attributes
                0x00000536       0x2d /usr/lib/gcc/arm-none-eabi/5.4.1/../../../arm-none-eabi/lib/armv7-m/libm.a(lib_a-s_floor.o)
 .ARM.attributes
                0x00000563       0x2d /usr/lib/gcc/arm-none-eabi/5.4.1/../../../arm-none-eabi/lib/armv7-m/libm.a(lib_a-s_scalbn.o)
 .ARM.attributes
                0x00000590       0x2d /usr/lib/gcc/arm-none-eabi/5.4.1/../../../arm-none-eabi/lib/armv7-m/libm.a(lib_a-s_copysign.o)
 .ARM.attributes
                0x000005bd       0x1d /usr/lib/gcc/arm-none-eabi/5.4.1/armv7-m/libgcc.a(_arm_addsubdf3.o)
 .ARM.attributes
                0x000005da       0x1d /usr/lib/gcc/arm-none-eabi/5.4.1/armv7-m/libgcc.a(_arm_muldivdf3.o)
 .ARM.attributes
                0x000005f7       0x1d /usr/lib/gcc/arm-none-eabi/5.4.1/armv7-m/libgcc.a(_arm_cmpdf2.o)
 .ARM.attributes
                0x00000614       0x1d /usr/lib/gcc/arm-none-eabi/5.4.1/armv7-m/libgcc.a(_arm_fixdfsi.o)
 .ARM.attributes
                0x00000631       0x2d /usr/lib/gcc/arm-none-eabi/5.4.1/armv7-m/crtend.o
 .ARM.attributes
                0x0000065e       0x1d /usr/lib/gcc/arm-none-eabi/5.4.1/armv7-m/crtn.o
OUTPUT(build/FreeRTOS_CreatTask.elf elf32-littlearm)

.comment        0x00000000       0x2b
 .comment       0x00000000       0x2b /usr/lib/gcc/arm-none-eabi/5.4.1/armv7-m/crtbegin.o
                                 0x2c (size before relaxing)
 .comment       0x0000002b       0x2c build/main.o
 .comment       0x0000002b       0x2c build/FFT.o
 .comment       0x0000002b       0x2c build/stm32f1xx_it.o
 .comment       0x0000002b       0x2c build/stm32f1xx_hal_msp.o
 .comment       0x0000002b       0x2c build/stm32f1xx_hal_tim.o
 .comment       0x0000002b       0x2c build/stm32f1xx_hal_tim_ex.o
 .comment       0x0000002b       0x2c build/stm32f1xx_hal.o
 .comment       0x0000002b       0x2c build/stm32f1xx_hal_rcc.o
 .comment       0x0000002b       0x2c build/stm32f1xx_hal_gpio.o
 .comment       0x0000002b       0x2c build/stm32f1xx_hal_cortex.o
 .comment       0x0000002b       0x2c build/system_stm32f1xx.o
 .comment       0x0000002b       0x2c build/heap_4.o
 .comment       0x0000002b       0x2c build/port.o
 .comment       0x0000002b       0x2c build/list.o
 .comment       0x0000002b       0x2c build/tasks.o
 .comment       0x0000002b       0x2c build/cmsis_os.o
 .comment       0x0000002b       0x2c build/stm32f1xx_hal_timebase_TIM.o
 .comment       0x0000002b       0x2c /usr/lib/gcc/arm-none-eabi/5.4.1/../../../arm-none-eabi/lib/armv7-m/libc_nano.a(lib_a-init.o)
 .comment       0x0000002b       0x2c /usr/lib/gcc/arm-none-eabi/5.4.1/../../../arm-none-eabi/lib/armv7-m/libm.a(lib_a-s_cos.o)
 .comment       0x0000002b       0x2c /usr/lib/gcc/arm-none-eabi/5.4.1/../../../arm-none-eabi/lib/armv7-m/libm.a(lib_a-s_sin.o)
 .comment       0x0000002b       0x2c /usr/lib/gcc/arm-none-eabi/5.4.1/../../../arm-none-eabi/lib/armv7-m/libm.a(lib_a-e_rem_pio2.o)
 .comment       0x0000002b       0x2c /usr/lib/gcc/arm-none-eabi/5.4.1/../../../arm-none-eabi/lib/armv7-m/libm.a(lib_a-k_cos.o)
 .comment       0x0000002b       0x2c /usr/lib/gcc/arm-none-eabi/5.4.1/../../../arm-none-eabi/lib/armv7-m/libm.a(lib_a-k_rem_pio2.o)
 .comment       0x0000002b       0x2c /usr/lib/gcc/arm-none-eabi/5.4.1/../../../arm-none-eabi/lib/armv7-m/libm.a(lib_a-k_sin.o)
 .comment       0x0000002b       0x2c /usr/lib/gcc/arm-none-eabi/5.4.1/../../../arm-none-eabi/lib/armv7-m/libm.a(lib_a-s_fabs.o)
 .comment       0x0000002b       0x2c /usr/lib/gcc/arm-none-eabi/5.4.1/../../../arm-none-eabi/lib/armv7-m/libm.a(lib_a-s_floor.o)
 .comment       0x0000002b       0x2c /usr/lib/gcc/arm-none-eabi/5.4.1/../../../arm-none-eabi/lib/armv7-m/libm.a(lib_a-s_scalbn.o)
 .comment       0x0000002b       0x2c /usr/lib/gcc/arm-none-eabi/5.4.1/../../../arm-none-eabi/lib/armv7-m/libm.a(lib_a-s_copysign.o)
 .comment       0x0000002b       0x2c /usr/lib/gcc/arm-none-eabi/5.4.1/armv7-m/crtend.o

.debug_info     0x00000000    0x10c53
 .debug_info    0x00000000     0x1f1f build/main.o
 .debug_info    0x00001f1f      0x4ac build/FFT.o
 .debug_info    0x000023cb      0x6aa build/stm32f1xx_it.o
 .debug_info    0x00002a75      0x500 build/stm32f1xx_hal_msp.o
 .debug_info    0x00002f75     0x309c build/stm32f1xx_hal_tim.o
 .debug_info    0x00006011     0x137e build/stm32f1xx_hal_tim_ex.o
 .debug_info    0x0000738f      0x83a build/stm32f1xx_hal.o
 .debug_info    0x00007bc9      0xa90 build/stm32f1xx_hal_rcc.o
 .debug_info    0x00008659      0x66e build/stm32f1xx_hal_gpio.o
 .debug_info    0x00008cc7      0xd36 build/stm32f1xx_hal_cortex.o
 .debug_info    0x000099fd      0x437 build/system_stm32f1xx.o
 .debug_info    0x00009e34      0x46f build/heap_4.o
 .debug_info    0x0000a2a3      0x506 build/port.o
 .debug_info    0x0000a7a9      0x2d0 build/list.o
 .debug_info    0x0000aa79     0x224f build/tasks.o
 .debug_info    0x0000ccc8     0x1c86 build/cmsis_os.o
 .debug_info    0x0000e94e      0xa3c build/stm32f1xx_hal_timebase_TIM.o
 .debug_info    0x0000f38a       0x83 build/startup_stm32f103xe.o
 .debug_info    0x0000f40d      0x110 /usr/lib/gcc/arm-none-eabi/5.4.1/../../../arm-none-eabi/lib/armv7-m/libc_nano.a(lib_a-init.o)
 .debug_info    0x0000f51d      0x177 /usr/lib/gcc/arm-none-eabi/5.4.1/../../../arm-none-eabi/lib/armv7-m/libm.a(lib_a-s_cos.o)
 .debug_info    0x0000f694      0x18a /usr/lib/gcc/arm-none-eabi/5.4.1/../../../arm-none-eabi/lib/armv7-m/libm.a(lib_a-s_sin.o)
 .debug_info    0x0000f81e      0x3a1 /usr/lib/gcc/arm-none-eabi/5.4.1/../../../arm-none-eabi/lib/armv7-m/libm.a(lib_a-e_rem_pio2.o)
 .debug_info    0x0000fbbf      0x220 /usr/lib/gcc/arm-none-eabi/5.4.1/../../../arm-none-eabi/lib/armv7-m/libm.a(lib_a-k_cos.o)
 .debug_info    0x0000fddf      0x35a /usr/lib/gcc/arm-none-eabi/5.4.1/../../../arm-none-eabi/lib/armv7-m/libm.a(lib_a-k_rem_pio2.o)
 .debug_info    0x00010139      0x19c /usr/lib/gcc/arm-none-eabi/5.4.1/../../../arm-none-eabi/lib/armv7-m/libm.a(lib_a-k_sin.o)
 .debug_info    0x000102d5      0x13a /usr/lib/gcc/arm-none-eabi/5.4.1/../../../arm-none-eabi/lib/armv7-m/libm.a(lib_a-s_fabs.o)
 .debug_info    0x0001040f      0x1a9 /usr/lib/gcc/arm-none-eabi/5.4.1/../../../arm-none-eabi/lib/armv7-m/libm.a(lib_a-s_floor.o)
 .debug_info    0x000105b8      0x262 /usr/lib/gcc/arm-none-eabi/5.4.1/../../../arm-none-eabi/lib/armv7-m/libm.a(lib_a-s_scalbn.o)
 .debug_info    0x0001081a      0x151 /usr/lib/gcc/arm-none-eabi/5.4.1/../../../arm-none-eabi/lib/armv7-m/libm.a(lib_a-s_copysign.o)
 .debug_info    0x0001096b       0xba /usr/lib/gcc/arm-none-eabi/5.4.1/armv7-m/libgcc.a(_arm_addsubdf3.o)
 .debug_info    0x00010a25       0xba /usr/lib/gcc/arm-none-eabi/5.4.1/armv7-m/libgcc.a(_arm_muldivdf3.o)
 .debug_info    0x00010adf       0xba /usr/lib/gcc/arm-none-eabi/5.4.1/armv7-m/libgcc.a(_arm_cmpdf2.o)
 .debug_info    0x00010b99       0xba /usr/lib/gcc/arm-none-eabi/5.4.1/armv7-m/libgcc.a(_arm_fixdfsi.o)

.debug_abbrev   0x00000000     0x2fe2
 .debug_abbrev  0x00000000      0x368 build/main.o
 .debug_abbrev  0x00000368      0x1e1 build/FFT.o
 .debug_abbrev  0x00000549      0x188 build/stm32f1xx_it.o
 .debug_abbrev  0x000006d1      0x126 build/stm32f1xx_hal_msp.o
 .debug_abbrev  0x000007f7      0x278 build/stm32f1xx_hal_tim.o
 .debug_abbrev  0x00000a6f      0x251 build/stm32f1xx_hal_tim_ex.o
 .debug_abbrev  0x00000cc0      0x20f build/stm32f1xx_hal.o
 .debug_abbrev  0x00000ecf      0x28e build/stm32f1xx_hal_rcc.o
 .debug_abbrev  0x0000115d      0x202 build/stm32f1xx_hal_gpio.o
 .debug_abbrev  0x0000135f      0x2ee build/stm32f1xx_hal_cortex.o
 .debug_abbrev  0x0000164d      0x124 build/system_stm32f1xx.o
 .debug_abbrev  0x00001771      0x216 build/heap_4.o
 .debug_abbrev  0x00001987      0x26e build/port.o
 .debug_abbrev  0x00001bf5       0xf8 build/list.o
 .debug_abbrev  0x00001ced      0x358 build/tasks.o
 .debug_abbrev  0x00002045      0x31b build/cmsis_os.o
 .debug_abbrev  0x00002360      0x1d4 build/stm32f1xx_hal_timebase_TIM.o
 .debug_abbrev  0x00002534       0x12 build/startup_stm32f103xe.o
 .debug_abbrev  0x00002546       0xba /usr/lib/gcc/arm-none-eabi/5.4.1/../../../arm-none-eabi/lib/armv7-m/libc_nano.a(lib_a-init.o)
 .debug_abbrev  0x00002600       0xd6 /usr/lib/gcc/arm-none-eabi/5.4.1/../../../arm-none-eabi/lib/armv7-m/libm.a(lib_a-s_cos.o)
 .debug_abbrev  0x000026d6       0xe1 /usr/lib/gcc/arm-none-eabi/5.4.1/../../../arm-none-eabi/lib/armv7-m/libm.a(lib_a-s_sin.o)
 .debug_abbrev  0x000027b7      0x15b /usr/lib/gcc/arm-none-eabi/5.4.1/../../../arm-none-eabi/lib/armv7-m/libm.a(lib_a-e_rem_pio2.o)
 .debug_abbrev  0x00002912       0xe2 /usr/lib/gcc/arm-none-eabi/5.4.1/../../../arm-none-eabi/lib/armv7-m/libm.a(lib_a-k_cos.o)
 .debug_abbrev  0x000029f4      0x149 /usr/lib/gcc/arm-none-eabi/5.4.1/../../../arm-none-eabi/lib/armv7-m/libm.a(lib_a-k_rem_pio2.o)
 .debug_abbrev  0x00002b3d       0x96 /usr/lib/gcc/arm-none-eabi/5.4.1/../../../arm-none-eabi/lib/armv7-m/libm.a(lib_a-k_sin.o)
 .debug_abbrev  0x00002bd3       0xbb /usr/lib/gcc/arm-none-eabi/5.4.1/../../../arm-none-eabi/lib/armv7-m/libm.a(lib_a-s_fabs.o)
 .debug_abbrev  0x00002c8e       0xf8 /usr/lib/gcc/arm-none-eabi/5.4.1/../../../arm-none-eabi/lib/armv7-m/libm.a(lib_a-s_floor.o)
 .debug_abbrev  0x00002d86      0x126 /usr/lib/gcc/arm-none-eabi/5.4.1/../../../arm-none-eabi/lib/armv7-m/libm.a(lib_a-s_scalbn.o)
 .debug_abbrev  0x00002eac       0xe6 /usr/lib/gcc/arm-none-eabi/5.4.1/../../../arm-none-eabi/lib/armv7-m/libm.a(lib_a-s_copysign.o)
 .debug_abbrev  0x00002f92       0x14 /usr/lib/gcc/arm-none-eabi/5.4.1/armv7-m/libgcc.a(_arm_addsubdf3.o)
 .debug_abbrev  0x00002fa6       0x14 /usr/lib/gcc/arm-none-eabi/5.4.1/armv7-m/libgcc.a(_arm_muldivdf3.o)
 .debug_abbrev  0x00002fba       0x14 /usr/lib/gcc/arm-none-eabi/5.4.1/armv7-m/libgcc.a(_arm_cmpdf2.o)
 .debug_abbrev  0x00002fce       0x14 /usr/lib/gcc/arm-none-eabi/5.4.1/armv7-m/libgcc.a(_arm_fixdfsi.o)

.debug_loc      0x00000000     0xb833
 .debug_loc     0x00000000      0x253 build/main.o
 .debug_loc     0x00000253      0x57e build/FFT.o
 .debug_loc     0x000007d1       0x40 build/stm32f1xx_it.o
 .debug_loc     0x00000811       0x38 build/stm32f1xx_hal_msp.o
 .debug_loc     0x00000849     0x3cc6 build/stm32f1xx_hal_tim.o
 .debug_loc     0x0000450f     0x11d2 build/stm32f1xx_hal_tim_ex.o
 .debug_loc     0x000056e1      0x1a8 build/stm32f1xx_hal.o
 .debug_loc     0x00005889      0x6e5 build/stm32f1xx_hal_rcc.o
 .debug_loc     0x00005f6e      0x410 build/stm32f1xx_hal_gpio.o
 .debug_loc     0x0000637e      0x59f build/stm32f1xx_hal_cortex.o
 .debug_loc     0x0000691d       0xdf build/system_stm32f1xx.o
 .debug_loc     0x000069fc      0x32f build/heap_4.o
 .debug_loc     0x00006d2b      0x11a build/port.o
 .debug_loc     0x00006e45       0x91 build/list.o
 .debug_loc     0x00006ed6     0x16d3 build/tasks.o
 .debug_loc     0x000085a9     0x15f0 build/cmsis_os.o
 .debug_loc     0x00009b99       0xb1 build/stm32f1xx_hal_timebase_TIM.o
 .debug_loc     0x00009c4a       0xae /usr/lib/gcc/arm-none-eabi/5.4.1/../../../arm-none-eabi/lib/armv7-m/libc_nano.a(lib_a-init.o)
 .debug_loc     0x00009cf8       0xd5 /usr/lib/gcc/arm-none-eabi/5.4.1/../../../arm-none-eabi/lib/armv7-m/libm.a(lib_a-s_cos.o)
 .debug_loc     0x00009dcd       0xd5 /usr/lib/gcc/arm-none-eabi/5.4.1/../../../arm-none-eabi/lib/armv7-m/libm.a(lib_a-s_sin.o)
 .debug_loc     0x00009ea2      0x6bf /usr/lib/gcc/arm-none-eabi/5.4.1/../../../arm-none-eabi/lib/armv7-m/libm.a(lib_a-e_rem_pio2.o)
 .debug_loc     0x0000a561      0x235 /usr/lib/gcc/arm-none-eabi/5.4.1/../../../arm-none-eabi/lib/armv7-m/libm.a(lib_a-k_cos.o)
 .debug_loc     0x0000a796      0x9a2 /usr/lib/gcc/arm-none-eabi/5.4.1/../../../arm-none-eabi/lib/armv7-m/libm.a(lib_a-k_rem_pio2.o)
 .debug_loc     0x0000b138      0x158 /usr/lib/gcc/arm-none-eabi/5.4.1/../../../arm-none-eabi/lib/armv7-m/libm.a(lib_a-k_sin.o)
 .debug_loc     0x0000b290       0x2b /usr/lib/gcc/arm-none-eabi/5.4.1/../../../arm-none-eabi/lib/armv7-m/libm.a(lib_a-s_fabs.o)
 .debug_loc     0x0000b2bb      0x34a /usr/lib/gcc/arm-none-eabi/5.4.1/../../../arm-none-eabi/lib/armv7-m/libm.a(lib_a-s_floor.o)
 .debug_loc     0x0000b605      0x1db /usr/lib/gcc/arm-none-eabi/5.4.1/../../../arm-none-eabi/lib/armv7-m/libm.a(lib_a-s_scalbn.o)
 .debug_loc     0x0000b7e0       0x53 /usr/lib/gcc/arm-none-eabi/5.4.1/../../../arm-none-eabi/lib/armv7-m/libm.a(lib_a-s_copysign.o)

.debug_aranges  0x00000000      0xef0
 .debug_aranges
                0x00000000       0x78 build/main.o
 .debug_aranges
                0x00000078       0x48 build/FFT.o
 .debug_aranges
                0x000000c0       0x58 build/stm32f1xx_it.o
 .debug_aranges
                0x00000118       0x20 build/stm32f1xx_hal_msp.o
 .debug_aranges
                0x00000138      0x368 build/stm32f1xx_hal_tim.o
 .debug_aranges
                0x000004a0      0x138 build/stm32f1xx_hal_tim_ex.o
 .debug_aranges
                0x000005d8       0xd0 build/stm32f1xx_hal.o
 .debug_aranges
                0x000006a8       0x90 build/stm32f1xx_hal_rcc.o
 .debug_aranges
                0x00000738       0x58 build/stm32f1xx_hal_gpio.o
 .debug_aranges
                0x00000790       0x90 build/stm32f1xx_hal_cortex.o
 .debug_aranges
                0x00000820       0x28 build/system_stm32f1xx.o
 .debug_aranges
                0x00000848       0x50 build/heap_4.o
 .debug_aranges
                0x00000898       0x78 build/port.o
 .debug_aranges
                0x00000910       0x40 build/list.o
 .debug_aranges
                0x00000950      0x190 build/tasks.o
 .debug_aranges
                0x00000ae0      0x1d8 build/cmsis_os.o
 .debug_aranges
                0x00000cb8       0x30 build/stm32f1xx_hal_timebase_TIM.o
 .debug_aranges
                0x00000ce8       0x28 build/startup_stm32f103xe.o
 .debug_aranges
                0x00000d10       0x20 /usr/lib/gcc/arm-none-eabi/5.4.1/../../../arm-none-eabi/lib/armv7-m/libc_nano.a(lib_a-init.o)
 .debug_aranges
                0x00000d30       0x20 /usr/lib/gcc/arm-none-eabi/5.4.1/../../../arm-none-eabi/lib/armv7-m/libm.a(lib_a-s_cos.o)
 .debug_aranges
                0x00000d50       0x20 /usr/lib/gcc/arm-none-eabi/5.4.1/../../../arm-none-eabi/lib/armv7-m/libm.a(lib_a-s_sin.o)
 .debug_aranges
                0x00000d70       0x20 /usr/lib/gcc/arm-none-eabi/5.4.1/../../../arm-none-eabi/lib/armv7-m/libm.a(lib_a-e_rem_pio2.o)
 .debug_aranges
                0x00000d90       0x20 /usr/lib/gcc/arm-none-eabi/5.4.1/../../../arm-none-eabi/lib/armv7-m/libm.a(lib_a-k_cos.o)
 .debug_aranges
                0x00000db0       0x20 /usr/lib/gcc/arm-none-eabi/5.4.1/../../../arm-none-eabi/lib/armv7-m/libm.a(lib_a-k_rem_pio2.o)
 .debug_aranges
                0x00000dd0       0x20 /usr/lib/gcc/arm-none-eabi/5.4.1/../../../arm-none-eabi/lib/armv7-m/libm.a(lib_a-k_sin.o)
 .debug_aranges
                0x00000df0       0x20 /usr/lib/gcc/arm-none-eabi/5.4.1/../../../arm-none-eabi/lib/armv7-m/libm.a(lib_a-s_fabs.o)
 .debug_aranges
                0x00000e10       0x20 /usr/lib/gcc/arm-none-eabi/5.4.1/../../../arm-none-eabi/lib/armv7-m/libm.a(lib_a-s_floor.o)
 .debug_aranges
                0x00000e30       0x20 /usr/lib/gcc/arm-none-eabi/5.4.1/../../../arm-none-eabi/lib/armv7-m/libm.a(lib_a-s_scalbn.o)
 .debug_aranges
                0x00000e50       0x20 /usr/lib/gcc/arm-none-eabi/5.4.1/../../../arm-none-eabi/lib/armv7-m/libm.a(lib_a-s_copysign.o)
 .debug_aranges
                0x00000e70       0x20 /usr/lib/gcc/arm-none-eabi/5.4.1/armv7-m/libgcc.a(_arm_addsubdf3.o)
 .debug_aranges
                0x00000e90       0x20 /usr/lib/gcc/arm-none-eabi/5.4.1/armv7-m/libgcc.a(_arm_muldivdf3.o)
 .debug_aranges
                0x00000eb0       0x20 /usr/lib/gcc/arm-none-eabi/5.4.1/armv7-m/libgcc.a(_arm_cmpdf2.o)
 .debug_aranges
                0x00000ed0       0x20 /usr/lib/gcc/arm-none-eabi/5.4.1/armv7-m/libgcc.a(_arm_fixdfsi.o)

.debug_ranges   0x00000000      0xc98
 .debug_ranges  0x00000000       0x68 build/main.o
 .debug_ranges  0x00000068       0x50 build/FFT.o
 .debug_ranges  0x000000b8       0x48 build/stm32f1xx_it.o
 .debug_ranges  0x00000100       0x10 build/stm32f1xx_hal_msp.o
 .debug_ranges  0x00000110      0x358 build/stm32f1xx_hal_tim.o
 .debug_ranges  0x00000468      0x128 build/stm32f1xx_hal_tim_ex.o
 .debug_ranges  0x00000590       0xc0 build/stm32f1xx_hal.o
 .debug_ranges  0x00000650       0x98 build/stm32f1xx_hal_rcc.o
 .debug_ranges  0x000006e8       0x48 build/stm32f1xx_hal_gpio.o
 .debug_ranges  0x00000730       0x80 build/stm32f1xx_hal_cortex.o
 .debug_ranges  0x000007b0       0x18 build/system_stm32f1xx.o
 .debug_ranges  0x000007c8       0x40 build/heap_4.o
 .debug_ranges  0x00000808       0x68 build/port.o
 .debug_ranges  0x00000870       0x30 build/list.o
 .debug_ranges  0x000008a0      0x1b8 build/tasks.o
 .debug_ranges  0x00000a58      0x1c8 build/cmsis_os.o
 .debug_ranges  0x00000c20       0x20 build/stm32f1xx_hal_timebase_TIM.o
 .debug_ranges  0x00000c40       0x20 build/startup_stm32f103xe.o
 .debug_ranges  0x00000c60       0x20 /usr/lib/gcc/arm-none-eabi/5.4.1/../../../arm-none-eabi/lib/armv7-m/libm.a(lib_a-e_rem_pio2.o)
 .debug_ranges  0x00000c80       0x18 /usr/lib/gcc/arm-none-eabi/5.4.1/../../../arm-none-eabi/lib/armv7-m/libm.a(lib_a-s_floor.o)

.debug_line     0x00000000     0x5eb8
 .debug_line    0x00000000      0x41e build/main.o
 .debug_line    0x0000041e      0x1a4 build/FFT.o
 .debug_line    0x000005c2      0x210 build/stm32f1xx_it.o
 .debug_line    0x000007d2      0x142 build/stm32f1xx_hal_msp.o
 .debug_line    0x00000914     0x114f build/stm32f1xx_hal_tim.o
 .debug_line    0x00001a63      0x6f5 build/stm32f1xx_hal_tim_ex.o
 .debug_line    0x00002158      0x331 build/stm32f1xx_hal.o
 .debug_line    0x00002489      0x4b0 build/stm32f1xx_hal_rcc.o
 .debug_line    0x00002939      0x302 build/stm32f1xx_hal_gpio.o
 .debug_line    0x00002c3b      0x2b4 build/stm32f1xx_hal_cortex.o
 .debug_line    0x00002eef      0x13c build/system_stm32f1xx.o
 .debug_line    0x0000302b      0x28b build/heap_4.o
 .debug_line    0x000032b6      0x26f build/port.o
 .debug_line    0x00003525      0x1a7 build/list.o
 .debug_line    0x000036cc      0xa05 build/tasks.o
 .debug_line    0x000040d1      0x7a5 build/cmsis_os.o
 .debug_line    0x00004876      0x1cd build/stm32f1xx_hal_timebase_TIM.o
 .debug_line    0x00004a43       0x72 build/startup_stm32f103xe.o
 .debug_line    0x00004ab5       0xb6 /usr/lib/gcc/arm-none-eabi/5.4.1/../../../arm-none-eabi/lib/armv7-m/libc_nano.a(lib_a-init.o)
 .debug_line    0x00004b6b      0x163 /usr/lib/gcc/arm-none-eabi/5.4.1/../../../arm-none-eabi/lib/armv7-m/libm.a(lib_a-s_cos.o)
 .debug_line    0x00004cce      0x166 /usr/lib/gcc/arm-none-eabi/5.4.1/../../../arm-none-eabi/lib/armv7-m/libm.a(lib_a-s_sin.o)
 .debug_line    0x00004e34      0x1ed /usr/lib/gcc/arm-none-eabi/5.4.1/../../../arm-none-eabi/lib/armv7-m/libm.a(lib_a-e_rem_pio2.o)
 .debug_line    0x00005021      0x11b /usr/lib/gcc/arm-none-eabi/5.4.1/../../../arm-none-eabi/lib/armv7-m/libm.a(lib_a-k_cos.o)
 .debug_line    0x0000513c      0x330 /usr/lib/gcc/arm-none-eabi/5.4.1/../../../arm-none-eabi/lib/armv7-m/libm.a(lib_a-k_rem_pio2.o)
 .debug_line    0x0000546c       0xd8 /usr/lib/gcc/arm-none-eabi/5.4.1/../../../arm-none-eabi/lib/armv7-m/libm.a(lib_a-k_sin.o)
 .debug_line    0x00005544      0x13b /usr/lib/gcc/arm-none-eabi/5.4.1/../../../arm-none-eabi/lib/armv7-m/libm.a(lib_a-s_fabs.o)
 .debug_line    0x0000567f      0x1b1 /usr/lib/gcc/arm-none-eabi/5.4.1/../../../arm-none-eabi/lib/armv7-m/libm.a(lib_a-s_floor.o)
 .debug_line    0x00005830      0x136 /usr/lib/gcc/arm-none-eabi/5.4.1/../../../arm-none-eabi/lib/armv7-m/libm.a(lib_a-s_scalbn.o)
 .debug_line    0x00005966      0x114 /usr/lib/gcc/arm-none-eabi/5.4.1/../../../arm-none-eabi/lib/armv7-m/libm.a(lib_a-s_copysign.o)
 .debug_line    0x00005a7a      0x176 /usr/lib/gcc/arm-none-eabi/5.4.1/armv7-m/libgcc.a(_arm_addsubdf3.o)
 .debug_line    0x00005bf0      0x19a /usr/lib/gcc/arm-none-eabi/5.4.1/armv7-m/libgcc.a(_arm_muldivdf3.o)
 .debug_line    0x00005d8a       0xb7 /usr/lib/gcc/arm-none-eabi/5.4.1/armv7-m/libgcc.a(_arm_cmpdf2.o)
 .debug_line    0x00005e41       0x77 /usr/lib/gcc/arm-none-eabi/5.4.1/armv7-m/libgcc.a(_arm_fixdfsi.o)

.debug_str      0x00000000     0x4a63
 .debug_str     0x00000000     0x1102 build/main.o
                               0x11dc (size before relaxing)
 .debug_str     0x00001102       0x8a build/FFT.o
                                0x22c (size before relaxing)
 .debug_str     0x0000118c       0xc2 build/stm32f1xx_it.o
                                0x5f4 (size before relaxing)
 .debug_str     0x0000124e       0x41 build/stm32f1xx_hal_msp.o
                                0x603 (size before relaxing)
 .debug_str     0x0000128f      0xd47 build/stm32f1xx_hal_tim.o
                               0x1333 (size before relaxing)
 .debug_str     0x00001fd6      0x4ee build/stm32f1xx_hal_tim_ex.o
                                0xbd5 (size before relaxing)
 .debug_str     0x000024c4      0x295 build/stm32f1xx_hal.o
                                0x8dd (size before relaxing)
 .debug_str     0x00002759      0x1f4 build/stm32f1xx_hal_rcc.o
                                0x619 (size before relaxing)
 .debug_str     0x0000294d      0x122 build/stm32f1xx_hal_gpio.o
                                0x404 (size before relaxing)
 .debug_str     0x00002a6f      0x281 build/stm32f1xx_hal_cortex.o
                                0x98d (size before relaxing)
 .debug_str     0x00002cf0       0x4a build/system_stm32f1xx.o
                                0x2ab (size before relaxing)
 .debug_str     0x00002d3a      0x245 build/heap_4.o
                                0x3b8 (size before relaxing)
 .debug_str     0x00002f7f      0x277 build/port.o
                                0x424 (size before relaxing)
 .debug_str     0x000031f6      0x141 build/list.o
                                0x2cf (size before relaxing)
 .debug_str     0x00003337      0x9cd build/tasks.o
                                0xdca (size before relaxing)
 .debug_str     0x00003d04      0x7af build/cmsis_os.o
                                0xd8c (size before relaxing)
 .debug_str     0x000044b3       0x58 build/stm32f1xx_hal_timebase_TIM.o
                                0xadc (size before relaxing)
 .debug_str     0x0000450b      0x146 /usr/lib/gcc/arm-none-eabi/5.4.1/../../../arm-none-eabi/lib/armv7-m/libc_nano.a(lib_a-init.o)
                                0x1f1 (size before relaxing)
 .debug_str     0x00004651       0xb0 /usr/lib/gcc/arm-none-eabi/5.4.1/../../../arm-none-eabi/lib/armv7-m/libm.a(lib_a-s_cos.o)
                                0x1be (size before relaxing)
 .debug_str     0x00004701       0x2b /usr/lib/gcc/arm-none-eabi/5.4.1/../../../arm-none-eabi/lib/armv7-m/libm.a(lib_a-s_sin.o)
                                0x1be (size before relaxing)
 .debug_str     0x0000472c       0xc8 /usr/lib/gcc/arm-none-eabi/5.4.1/../../../arm-none-eabi/lib/armv7-m/libm.a(lib_a-e_rem_pio2.o)
                                0x252 (size before relaxing)
 .debug_str     0x000047f4       0x30 /usr/lib/gcc/arm-none-eabi/5.4.1/../../../arm-none-eabi/lib/armv7-m/libm.a(lib_a-k_cos.o)
                                0x1d1 (size before relaxing)
 .debug_str     0x00004824       0x6c /usr/lib/gcc/arm-none-eabi/5.4.1/../../../arm-none-eabi/lib/armv7-m/libm.a(lib_a-k_rem_pio2.o)
                                0x1ef (size before relaxing)
 .debug_str     0x00004890       0x2b /usr/lib/gcc/arm-none-eabi/5.4.1/../../../arm-none-eabi/lib/armv7-m/libm.a(lib_a-k_sin.o)
                                0x1a3 (size before relaxing)
 .debug_str     0x000048bb       0x2c /usr/lib/gcc/arm-none-eabi/5.4.1/../../../arm-none-eabi/lib/armv7-m/libm.a(lib_a-s_fabs.o)
                                0x1c5 (size before relaxing)
 .debug_str     0x000048e7       0xa0 /usr/lib/gcc/arm-none-eabi/5.4.1/../../../arm-none-eabi/lib/armv7-m/libm.a(lib_a-s_floor.o)
                                0x1e7 (size before relaxing)
 .debug_str     0x00004987       0xaa /usr/lib/gcc/arm-none-eabi/5.4.1/../../../arm-none-eabi/lib/armv7-m/libm.a(lib_a-s_scalbn.o)
                                0x1fc (size before relaxing)
 .debug_str     0x00004a31       0x32 /usr/lib/gcc/arm-none-eabi/5.4.1/../../../arm-none-eabi/lib/armv7-m/libm.a(lib_a-s_copysign.o)
                                0x1cc (size before relaxing)

.debug_frame    0x00000000     0x2854
 .debug_frame   0x00000000      0x148 build/main.o
 .debug_frame   0x00000148      0x138 build/FFT.o
 .debug_frame   0x00000280       0xa8 build/stm32f1xx_it.o
 .debug_frame   0x00000328       0x30 build/stm32f1xx_hal_msp.o
 .debug_frame   0x00000358      0xb08 build/stm32f1xx_hal_tim.o
 .debug_frame   0x00000e60      0x420 build/stm32f1xx_hal_tim_ex.o
 .debug_frame   0x00001280      0x1c0 build/stm32f1xx_hal.o
 .debug_frame   0x00001440      0x190 build/stm32f1xx_hal_rcc.o
 .debug_frame   0x000015d0       0xd4 build/stm32f1xx_hal_gpio.o
 .debug_frame   0x000016a4      0x134 build/stm32f1xx_hal_cortex.o
 .debug_frame   0x000017d8       0x30 build/system_stm32f1xx.o
 .debug_frame   0x00001808       0xb8 build/heap_4.o
 .debug_frame   0x000018c0       0xe8 build/port.o
 .debug_frame   0x000019a8       0x70 build/list.o
 .debug_frame   0x00001a18      0x57c build/tasks.o
 .debug_frame   0x00001f94      0x608 build/cmsis_os.o
 .debug_frame   0x0000259c       0x4c build/stm32f1xx_hal_timebase_TIM.o
 .debug_frame   0x000025e8       0x2c /usr/lib/gcc/arm-none-eabi/5.4.1/../../../arm-none-eabi/lib/armv7-m/libc_nano.a(lib_a-init.o)
 .debug_frame   0x00002614       0x38 /usr/lib/gcc/arm-none-eabi/5.4.1/../../../arm-none-eabi/lib/armv7-m/libm.a(lib_a-s_cos.o)
 .debug_frame   0x0000264c       0x38 /usr/lib/gcc/arm-none-eabi/5.4.1/../../../arm-none-eabi/lib/armv7-m/libm.a(lib_a-s_sin.o)
 .debug_frame   0x00002684       0x48 /usr/lib/gcc/arm-none-eabi/5.4.1/../../../arm-none-eabi/lib/armv7-m/libm.a(lib_a-e_rem_pio2.o)
 .debug_frame   0x000026cc       0x4c /usr/lib/gcc/arm-none-eabi/5.4.1/../../../arm-none-eabi/lib/armv7-m/libm.a(lib_a-k_cos.o)
 .debug_frame   0x00002718       0x50 /usr/lib/gcc/arm-none-eabi/5.4.1/../../../arm-none-eabi/lib/armv7-m/libm.a(lib_a-k_rem_pio2.o)
 .debug_frame   0x00002768       0x48 /usr/lib/gcc/arm-none-eabi/5.4.1/../../../arm-none-eabi/lib/armv7-m/libm.a(lib_a-k_sin.o)
 .debug_frame   0x000027b0       0x20 /usr/lib/gcc/arm-none-eabi/5.4.1/../../../arm-none-eabi/lib/armv7-m/libm.a(lib_a-s_fabs.o)
 .debug_frame   0x000027d0       0x34 /usr/lib/gcc/arm-none-eabi/5.4.1/../../../arm-none-eabi/lib/armv7-m/libm.a(lib_a-s_floor.o)
 .debug_frame   0x00002804       0x30 /usr/lib/gcc/arm-none-eabi/5.4.1/../../../arm-none-eabi/lib/armv7-m/libm.a(lib_a-s_scalbn.o)
 .debug_frame   0x00002834       0x20 /usr/lib/gcc/arm-none-eabi/5.4.1/../../../arm-none-eabi/lib/armv7-m/libm.a(lib_a-s_copysign.o)

Cross Reference Table

Symbol                                            File
ADC1_2_IRQHandler                                 build/startup_stm32f103xe.o
ADC3_IRQHandler                                   build/startup_stm32f103xe.o
AHBPrescTable                                     build/system_stm32f1xx.o
                                                  build/stm32f1xx_hal_rcc.o
APBPrescTable                                     build/system_stm32f1xx.o
                                                  build/stm32f1xx_hal_rcc.o
BinaryInsertSort                                  build/FFT.o
                                                  build/main.o
BusFault_Handler                                  build/stm32f1xx_it.o
CAN1_RX1_IRQHandler                               build/startup_stm32f103xe.o
CAN1_SCE_IRQHandler                               build/startup_stm32f103xe.o
ChangeSeat                                        build/FFT.o
                                                  build/main.o
DMA1_Channel1_IRQHandler                          build/startup_stm32f103xe.o
DMA1_Channel2_IRQHandler                          build/startup_stm32f103xe.o
DMA1_Channel3_IRQHandler                          build/startup_stm32f103xe.o
DMA1_Channel4_IRQHandler                          build/startup_stm32f103xe.o
DMA1_Channel5_IRQHandler                          build/startup_stm32f103xe.o
DMA1_Channel6_IRQHandler                          build/startup_stm32f103xe.o
DMA1_Channel7_IRQHandler                          build/startup_stm32f103xe.o
DMA2_Channel1_IRQHandler                          build/startup_stm32f103xe.o
DMA2_Channel2_IRQHandler                          build/startup_stm32f103xe.o
DMA2_Channel3_IRQHandler                          build/startup_stm32f103xe.o
DMA2_Channel4_5_IRQHandler                        build/startup_stm32f103xe.o
DebugMon_Handler                                  build/stm32f1xx_it.o
Default_Handler                                   build/startup_stm32f103xe.o
EXTI0_IRQHandler                                  build/startup_stm32f103xe.o
EXTI15_10_IRQHandler                              build/startup_stm32f103xe.o
EXTI1_IRQHandler                                  build/startup_stm32f103xe.o
EXTI2_IRQHandler                                  build/startup_stm32f103xe.o
EXTI3_IRQHandler                                  build/startup_stm32f103xe.o
EXTI4_IRQHandler                                  build/startup_stm32f103xe.o
EXTI9_5_IRQHandler                                build/startup_stm32f103xe.o
FFT                                               build/FFT.o
                                                  build/main.o
FLASH_IRQHandler                                  build/startup_stm32f103xe.o
FLASH_PageErase                                   build/stm32f1xx_hal_flash_ex.o
                                                  build/stm32f1xx_hal_flash.o
FLASH_WaitForLastOperation                        build/stm32f1xx_hal_flash.o
                                                  build/stm32f1xx_hal_flash_ex.o
FSMC_IRQHandler                                   build/startup_stm32f103xe.o
FindInsertIndex                                   build/FFT.o
Func_LED0                                         build/main.o
Func_LED1                                         build/main.o
HAL_DBGMCU_DisableDBGSleepMode                    build/stm32f1xx_hal.o
HAL_DBGMCU_DisableDBGStandbyMode                  build/stm32f1xx_hal.o
HAL_DBGMCU_DisableDBGStopMode                     build/stm32f1xx_hal.o
HAL_DBGMCU_EnableDBGSleepMode                     build/stm32f1xx_hal.o
HAL_DBGMCU_EnableDBGStandbyMode                   build/stm32f1xx_hal.o
HAL_DBGMCU_EnableDBGStopMode                      build/stm32f1xx_hal.o
HAL_DMA_Abort                                     build/stm32f1xx_hal_dma.o
                                                  build/stm32f1xx_hal_tim.o
HAL_DMA_Abort_IT                                  build/stm32f1xx_hal_dma.o
HAL_DMA_DeInit                                    build/stm32f1xx_hal_dma.o
HAL_DMA_GetError                                  build/stm32f1xx_hal_dma.o
HAL_DMA_GetState                                  build/stm32f1xx_hal_dma.o
HAL_DMA_IRQHandler                                build/stm32f1xx_hal_dma.o
HAL_DMA_Init                                      build/stm32f1xx_hal_dma.o
HAL_DMA_PollForTransfer                           build/stm32f1xx_hal_dma.o
HAL_DMA_RegisterCallback                          build/stm32f1xx_hal_dma.o
HAL_DMA_Start                                     build/stm32f1xx_hal_dma.o
HAL_DMA_Start_IT                                  build/stm32f1xx_hal_dma.o
                                                  build/stm32f1xx_hal_tim_ex.o
                                                  build/stm32f1xx_hal_tim.o
HAL_DMA_UnRegisterCallback                        build/stm32f1xx_hal_dma.o
HAL_DeInit                                        build/stm32f1xx_hal.o
HAL_Delay                                         build/stm32f1xx_hal.o
HAL_FLASHEx_Erase                                 build/stm32f1xx_hal_flash_ex.o
HAL_FLASHEx_Erase_IT                              build/stm32f1xx_hal_flash_ex.o
HAL_FLASHEx_OBErase                               build/stm32f1xx_hal_flash_ex.o
HAL_FLASHEx_OBGetConfig                           build/stm32f1xx_hal_flash_ex.o
HAL_FLASHEx_OBGetUserData                         build/stm32f1xx_hal_flash_ex.o
HAL_FLASHEx_OBProgram                             build/stm32f1xx_hal_flash_ex.o
HAL_FLASH_EndOfOperationCallback                  build/stm32f1xx_hal_flash.o
HAL_FLASH_GetError                                build/stm32f1xx_hal_flash.o
HAL_FLASH_IRQHandler                              build/stm32f1xx_hal_flash.o
HAL_FLASH_Lock                                    build/stm32f1xx_hal_flash.o
HAL_FLASH_OB_Launch                               build/stm32f1xx_hal_flash.o
HAL_FLASH_OB_Lock                                 build/stm32f1xx_hal_flash.o
HAL_FLASH_OB_Unlock                               build/stm32f1xx_hal_flash.o
HAL_FLASH_OperationErrorCallback                  build/stm32f1xx_hal_flash.o
HAL_FLASH_Program                                 build/stm32f1xx_hal_flash.o
HAL_FLASH_Program_IT                              build/stm32f1xx_hal_flash.o
HAL_FLASH_Unlock                                  build/stm32f1xx_hal_flash.o
HAL_GPIOEx_ConfigEventout                         build/stm32f1xx_hal_gpio_ex.o
HAL_GPIOEx_DisableEventout                        build/stm32f1xx_hal_gpio_ex.o
HAL_GPIOEx_EnableEventout                         build/stm32f1xx_hal_gpio_ex.o
HAL_GPIO_DeInit                                   build/stm32f1xx_hal_gpio.o
HAL_GPIO_EXTI_Callback                            build/stm32f1xx_hal_gpio.o
HAL_GPIO_EXTI_IRQHandler                          build/stm32f1xx_hal_gpio.o
HAL_GPIO_Init                                     build/stm32f1xx_hal_gpio.o
                                                  build/stm32f1xx_hal_rcc.o
                                                  build/main.o
HAL_GPIO_LockPin                                  build/stm32f1xx_hal_gpio.o
HAL_GPIO_ReadPin                                  build/stm32f1xx_hal_gpio.o
HAL_GPIO_TogglePin                                build/stm32f1xx_hal_gpio.o
HAL_GPIO_WritePin                                 build/stm32f1xx_hal_gpio.o
                                                  build/main.o
HAL_GetDEVID                                      build/stm32f1xx_hal.o
HAL_GetHalVersion                                 build/stm32f1xx_hal.o
HAL_GetREVID                                      build/stm32f1xx_hal.o
HAL_GetTick                                       build/stm32f1xx_hal.o
                                                  build/stm32f1xx_hal_flash.o
                                                  build/stm32f1xx_hal_dma.o
                                                  build/stm32f1xx_hal_rcc_ex.o
                                                  build/stm32f1xx_hal_rcc.o
HAL_GetTickFreq                                   build/stm32f1xx_hal.o
HAL_GetTickPrio                                   build/stm32f1xx_hal.o
HAL_GetUID                                        build/stm32f1xx_hal.o
HAL_IncTick                                       build/stm32f1xx_hal.o
                                                  build/main.o
HAL_Init                                          build/stm32f1xx_hal.o
                                                  build/main.o
HAL_InitTick                                      build/stm32f1xx_hal_timebase_TIM.o
                                                  build/stm32f1xx_hal.o
                                                  build/stm32f1xx_hal_rcc.o
HAL_MspDeInit                                     build/stm32f1xx_hal.o
HAL_MspInit                                       build/stm32f1xx_hal_msp.o
HAL_NVIC_ClearPendingIRQ                          build/stm32f1xx_hal_cortex.o
HAL_NVIC_DisableIRQ                               build/stm32f1xx_hal_cortex.o
HAL_NVIC_EnableIRQ                                build/stm32f1xx_hal_cortex.o
                                                  build/stm32f1xx_hal_timebase_TIM.o
HAL_NVIC_GetActive                                build/stm32f1xx_hal_cortex.o
HAL_NVIC_GetPendingIRQ                            build/stm32f1xx_hal_cortex.o
HAL_NVIC_GetPriority                              build/stm32f1xx_hal_cortex.o
HAL_NVIC_GetPriorityGrouping                      build/stm32f1xx_hal_cortex.o
HAL_NVIC_SetPendingIRQ                            build/stm32f1xx_hal_cortex.o
HAL_NVIC_SetPriority                              build/stm32f1xx_hal_cortex.o
                                                  build/stm32f1xx_hal_timebase_TIM.o
                                                  build/stm32f1xx_hal.o
                                                  build/stm32f1xx_hal_msp.o
                                                  build/main.o
HAL_NVIC_SetPriorityGrouping                      build/stm32f1xx_hal_cortex.o
                                                  build/stm32f1xx_hal.o
                                                  build/stm32f1xx_hal_msp.o
HAL_NVIC_SystemReset                              build/stm32f1xx_hal_cortex.o
                                                  build/stm32f1xx_hal_flash.o
HAL_PWR_ConfigPVD                                 build/stm32f1xx_hal_pwr.o
HAL_PWR_DeInit                                    build/stm32f1xx_hal_pwr.o
HAL_PWR_DisableBkUpAccess                         build/stm32f1xx_hal_pwr.o
HAL_PWR_DisablePVD                                build/stm32f1xx_hal_pwr.o
HAL_PWR_DisableSEVOnPend                          build/stm32f1xx_hal_pwr.o
HAL_PWR_DisableSleepOnExit                        build/stm32f1xx_hal_pwr.o
HAL_PWR_DisableWakeUpPin                          build/stm32f1xx_hal_pwr.o
HAL_PWR_EnableBkUpAccess                          build/stm32f1xx_hal_pwr.o
HAL_PWR_EnablePVD                                 build/stm32f1xx_hal_pwr.o
HAL_PWR_EnableSEVOnPend                           build/stm32f1xx_hal_pwr.o
HAL_PWR_EnableSleepOnExit                         build/stm32f1xx_hal_pwr.o
HAL_PWR_EnableWakeUpPin                           build/stm32f1xx_hal_pwr.o
HAL_PWR_EnterSLEEPMode                            build/stm32f1xx_hal_pwr.o
HAL_PWR_EnterSTANDBYMode                          build/stm32f1xx_hal_pwr.o
HAL_PWR_EnterSTOPMode                             build/stm32f1xx_hal_pwr.o
HAL_PWR_PVDCallback                               build/stm32f1xx_hal_pwr.o
HAL_PWR_PVD_IRQHandler                            build/stm32f1xx_hal_pwr.o
HAL_RCCEx_GetPeriphCLKConfig                      build/stm32f1xx_hal_rcc_ex.o
HAL_RCCEx_GetPeriphCLKFreq                        build/stm32f1xx_hal_rcc_ex.o
HAL_RCCEx_PeriphCLKConfig                         build/stm32f1xx_hal_rcc_ex.o
HAL_RCC_CSSCallback                               build/stm32f1xx_hal_rcc.o
HAL_RCC_ClockConfig                               build/stm32f1xx_hal_rcc.o
                                                  build/main.o
HAL_RCC_DeInit                                    build/stm32f1xx_hal_rcc.o
HAL_RCC_DisableCSS                                build/stm32f1xx_hal_rcc.o
HAL_RCC_EnableCSS                                 build/stm32f1xx_hal_rcc.o
HAL_RCC_GetClockConfig                            build/stm32f1xx_hal_rcc.o
                                                  build/stm32f1xx_hal_timebase_TIM.o
HAL_RCC_GetHCLKFreq                               build/stm32f1xx_hal_rcc.o
                                                  build/main.o
HAL_RCC_GetOscConfig                              build/stm32f1xx_hal_rcc.o
HAL_RCC_GetPCLK1Freq                              build/stm32f1xx_hal_rcc.o
                                                  build/stm32f1xx_hal_timebase_TIM.o
HAL_RCC_GetPCLK2Freq                              build/stm32f1xx_hal_rcc.o
                                                  build/stm32f1xx_hal_rcc_ex.o
HAL_RCC_GetSysClockFreq                           build/stm32f1xx_hal_rcc.o
                                                  build/stm32f1xx_hal_rcc_ex.o
HAL_RCC_MCOConfig                                 build/stm32f1xx_hal_rcc.o
HAL_RCC_NMI_IRQHandler                            build/stm32f1xx_hal_rcc.o
HAL_RCC_OscConfig                                 build/stm32f1xx_hal_rcc.o
                                                  build/main.o
HAL_ResumeTick                                    build/stm32f1xx_hal_timebase_TIM.o
                                                  build/stm32f1xx_hal.o
HAL_SYSTICK_CLKSourceConfig                       build/stm32f1xx_hal_cortex.o
                                                  build/main.o
HAL_SYSTICK_Callback                              build/stm32f1xx_hal_cortex.o
HAL_SYSTICK_Config                                build/stm32f1xx_hal_cortex.o
                                                  build/stm32f1xx_hal.o
                                                  build/main.o
HAL_SYSTICK_IRQHandler                            build/stm32f1xx_hal_cortex.o
HAL_SetTickFreq                                   build/stm32f1xx_hal.o
HAL_SuspendTick                                   build/stm32f1xx_hal_timebase_TIM.o
                                                  build/stm32f1xx_hal.o
HAL_TIMEx_BreakCallback                           build/stm32f1xx_hal_tim_ex.o
                                                  build/stm32f1xx_hal_tim.o
HAL_TIMEx_CommutationCallback                     build/stm32f1xx_hal_tim_ex.o
                                                  build/stm32f1xx_hal_tim.o
HAL_TIMEx_ConfigBreakDeadTime                     build/stm32f1xx_hal_tim_ex.o
HAL_TIMEx_ConfigCommutationEvent                  build/stm32f1xx_hal_tim_ex.o
HAL_TIMEx_ConfigCommutationEvent_DMA              build/stm32f1xx_hal_tim_ex.o
HAL_TIMEx_ConfigCommutationEvent_IT               build/stm32f1xx_hal_tim_ex.o
HAL_TIMEx_HallSensor_DeInit                       build/stm32f1xx_hal_tim_ex.o
HAL_TIMEx_HallSensor_GetState                     build/stm32f1xx_hal_tim_ex.o
HAL_TIMEx_HallSensor_Init                         build/stm32f1xx_hal_tim_ex.o
HAL_TIMEx_HallSensor_MspDeInit                    build/stm32f1xx_hal_tim_ex.o
HAL_TIMEx_HallSensor_MspInit                      build/stm32f1xx_hal_tim_ex.o
HAL_TIMEx_HallSensor_Start                        build/stm32f1xx_hal_tim_ex.o
HAL_TIMEx_HallSensor_Start_DMA                    build/stm32f1xx_hal_tim_ex.o
HAL_TIMEx_HallSensor_Start_IT                     build/stm32f1xx_hal_tim_ex.o
HAL_TIMEx_HallSensor_Stop                         build/stm32f1xx_hal_tim_ex.o
HAL_TIMEx_HallSensor_Stop_DMA                     build/stm32f1xx_hal_tim_ex.o
HAL_TIMEx_HallSensor_Stop_IT                      build/stm32f1xx_hal_tim_ex.o
HAL_TIMEx_MasterConfigSynchronization             build/stm32f1xx_hal_tim_ex.o
HAL_TIMEx_OCN_Start                               build/stm32f1xx_hal_tim_ex.o
HAL_TIMEx_OCN_Start_DMA                           build/stm32f1xx_hal_tim_ex.o
HAL_TIMEx_OCN_Start_IT                            build/stm32f1xx_hal_tim_ex.o
HAL_TIMEx_OCN_Stop                                build/stm32f1xx_hal_tim_ex.o
HAL_TIMEx_OCN_Stop_DMA                            build/stm32f1xx_hal_tim_ex.o
HAL_TIMEx_OCN_Stop_IT                             build/stm32f1xx_hal_tim_ex.o
HAL_TIMEx_OnePulseN_Start                         build/stm32f1xx_hal_tim_ex.o
HAL_TIMEx_OnePulseN_Start_IT                      build/stm32f1xx_hal_tim_ex.o
HAL_TIMEx_OnePulseN_Stop                          build/stm32f1xx_hal_tim_ex.o
HAL_TIMEx_OnePulseN_Stop_IT                       build/stm32f1xx_hal_tim_ex.o
HAL_TIMEx_PWMN_Start                              build/stm32f1xx_hal_tim_ex.o
HAL_TIMEx_PWMN_Start_DMA                          build/stm32f1xx_hal_tim_ex.o
HAL_TIMEx_PWMN_Start_IT                           build/stm32f1xx_hal_tim_ex.o
HAL_TIMEx_PWMN_Stop                               build/stm32f1xx_hal_tim_ex.o
HAL_TIMEx_PWMN_Stop_DMA                           build/stm32f1xx_hal_tim_ex.o
HAL_TIMEx_PWMN_Stop_IT                            build/stm32f1xx_hal_tim_ex.o
HAL_TIM_Base_DeInit                               build/stm32f1xx_hal_tim.o
HAL_TIM_Base_GetState                             build/stm32f1xx_hal_tim.o
HAL_TIM_Base_Init                                 build/stm32f1xx_hal_tim.o
                                                  build/stm32f1xx_hal_timebase_TIM.o
HAL_TIM_Base_MspDeInit                            build/stm32f1xx_hal_tim.o
HAL_TIM_Base_MspInit                              build/stm32f1xx_hal_tim.o
HAL_TIM_Base_Start                                build/stm32f1xx_hal_tim.o
HAL_TIM_Base_Start_DMA                            build/stm32f1xx_hal_tim.o
HAL_TIM_Base_Start_IT                             build/stm32f1xx_hal_tim.o
                                                  build/stm32f1xx_hal_timebase_TIM.o
HAL_TIM_Base_Stop                                 build/stm32f1xx_hal_tim.o
HAL_TIM_Base_Stop_DMA                             build/stm32f1xx_hal_tim.o
HAL_TIM_Base_Stop_IT                              build/stm32f1xx_hal_tim.o
HAL_TIM_ConfigClockSource                         build/stm32f1xx_hal_tim.o
HAL_TIM_ConfigOCrefClear                          build/stm32f1xx_hal_tim.o
HAL_TIM_ConfigTI1Input                            build/stm32f1xx_hal_tim.o
HAL_TIM_DMABurst_ReadStart                        build/stm32f1xx_hal_tim.o
HAL_TIM_DMABurst_ReadStop                         build/stm32f1xx_hal_tim.o
HAL_TIM_DMABurst_WriteStart                       build/stm32f1xx_hal_tim.o
HAL_TIM_DMABurst_WriteStop                        build/stm32f1xx_hal_tim.o
HAL_TIM_Encoder_DeInit                            build/stm32f1xx_hal_tim.o
HAL_TIM_Encoder_GetState                          build/stm32f1xx_hal_tim.o
HAL_TIM_Encoder_Init                              build/stm32f1xx_hal_tim.o
HAL_TIM_Encoder_MspDeInit                         build/stm32f1xx_hal_tim.o
HAL_TIM_Encoder_MspInit                           build/stm32f1xx_hal_tim.o
HAL_TIM_Encoder_Start                             build/stm32f1xx_hal_tim.o
HAL_TIM_Encoder_Start_DMA                         build/stm32f1xx_hal_tim.o
HAL_TIM_Encoder_Start_IT                          build/stm32f1xx_hal_tim.o
HAL_TIM_Encoder_Stop                              build/stm32f1xx_hal_tim.o
HAL_TIM_Encoder_Stop_DMA                          build/stm32f1xx_hal_tim.o
HAL_TIM_Encoder_Stop_IT                           build/stm32f1xx_hal_tim.o
HAL_TIM_ErrorCallback                             build/stm32f1xx_hal_tim.o
HAL_TIM_GenerateEvent                             build/stm32f1xx_hal_tim.o
HAL_TIM_IC_CaptureCallback                        build/stm32f1xx_hal_tim.o
HAL_TIM_IC_ConfigChannel                          build/stm32f1xx_hal_tim.o
HAL_TIM_IC_DeInit                                 build/stm32f1xx_hal_tim.o
HAL_TIM_IC_GetState                               build/stm32f1xx_hal_tim.o
HAL_TIM_IC_Init                                   build/stm32f1xx_hal_tim.o
HAL_TIM_IC_MspDeInit                              build/stm32f1xx_hal_tim.o
HAL_TIM_IC_MspInit                                build/stm32f1xx_hal_tim.o
HAL_TIM_IC_Start                                  build/stm32f1xx_hal_tim.o
HAL_TIM_IC_Start_DMA                              build/stm32f1xx_hal_tim.o
HAL_TIM_IC_Start_IT                               build/stm32f1xx_hal_tim.o
HAL_TIM_IC_Stop                                   build/stm32f1xx_hal_tim.o
HAL_TIM_IC_Stop_DMA                               build/stm32f1xx_hal_tim.o
HAL_TIM_IC_Stop_IT                                build/stm32f1xx_hal_tim.o
HAL_TIM_IRQHandler                                build/stm32f1xx_hal_tim.o
                                                  build/stm32f1xx_it.o
HAL_TIM_OC_ConfigChannel                          build/stm32f1xx_hal_tim.o
HAL_TIM_OC_DeInit                                 build/stm32f1xx_hal_tim.o
HAL_TIM_OC_DelayElapsedCallback                   build/stm32f1xx_hal_tim.o
HAL_TIM_OC_GetState                               build/stm32f1xx_hal_tim.o
HAL_TIM_OC_Init                                   build/stm32f1xx_hal_tim.o
HAL_TIM_OC_MspDeInit                              build/stm32f1xx_hal_tim.o
HAL_TIM_OC_MspInit                                build/stm32f1xx_hal_tim.o
HAL_TIM_OC_Start                                  build/stm32f1xx_hal_tim.o
HAL_TIM_OC_Start_DMA                              build/stm32f1xx_hal_tim.o
HAL_TIM_OC_Start_IT                               build/stm32f1xx_hal_tim.o
HAL_TIM_OC_Stop                                   build/stm32f1xx_hal_tim.o
HAL_TIM_OC_Stop_DMA                               build/stm32f1xx_hal_tim.o
HAL_TIM_OC_Stop_IT                                build/stm32f1xx_hal_tim.o
HAL_TIM_OnePulse_ConfigChannel                    build/stm32f1xx_hal_tim.o
HAL_TIM_OnePulse_DeInit                           build/stm32f1xx_hal_tim.o
HAL_TIM_OnePulse_GetState                         build/stm32f1xx_hal_tim.o
HAL_TIM_OnePulse_Init                             build/stm32f1xx_hal_tim.o
HAL_TIM_OnePulse_MspDeInit                        build/stm32f1xx_hal_tim.o
HAL_TIM_OnePulse_MspInit                          build/stm32f1xx_hal_tim.o
HAL_TIM_OnePulse_Start                            build/stm32f1xx_hal_tim.o
HAL_TIM_OnePulse_Start_IT                         build/stm32f1xx_hal_tim.o
HAL_TIM_OnePulse_Stop                             build/stm32f1xx_hal_tim.o
HAL_TIM_OnePulse_Stop_IT                          build/stm32f1xx_hal_tim.o
HAL_TIM_PWM_ConfigChannel                         build/stm32f1xx_hal_tim.o
HAL_TIM_PWM_DeInit                                build/stm32f1xx_hal_tim.o
HAL_TIM_PWM_GetState                              build/stm32f1xx_hal_tim.o
HAL_TIM_PWM_Init                                  build/stm32f1xx_hal_tim.o
HAL_TIM_PWM_MspDeInit                             build/stm32f1xx_hal_tim.o
HAL_TIM_PWM_MspInit                               build/stm32f1xx_hal_tim.o
HAL_TIM_PWM_PulseFinishedCallback                 build/stm32f1xx_hal_tim.o
HAL_TIM_PWM_Start                                 build/stm32f1xx_hal_tim.o
HAL_TIM_PWM_Start_DMA                             build/stm32f1xx_hal_tim.o
HAL_TIM_PWM_Start_IT                              build/stm32f1xx_hal_tim.o
HAL_TIM_PWM_Stop                                  build/stm32f1xx_hal_tim.o
HAL_TIM_PWM_Stop_DMA                              build/stm32f1xx_hal_tim.o
HAL_TIM_PWM_Stop_IT                               build/stm32f1xx_hal_tim.o
HAL_TIM_PeriodElapsedCallback                     build/main.o
HAL_TIM_ReadCapturedValue                         build/stm32f1xx_hal_tim.o
HAL_TIM_SlaveConfigSynchronization                build/stm32f1xx_hal_tim.o
HAL_TIM_SlaveConfigSynchronization_IT             build/stm32f1xx_hal_tim.o
HAL_TIM_TriggerCallback                           build/stm32f1xx_hal_tim.o
HardFault_Handler                                 build/stm32f1xx_it.o
I2C1_ER_IRQHandler                                build/startup_stm32f103xe.o
I2C1_EV_IRQHandler                                build/startup_stm32f103xe.o
I2C2_ER_IRQHandler                                build/startup_stm32f103xe.o
I2C2_EV_IRQHandler                                build/startup_stm32f103xe.o
IFFT                                              build/FFT.o
                                                  build/main.o
ITM_Print                                         build/main.o
ITM_SendValue                                     build/main.o
MemManage_Handler                                 build/stm32f1xx_it.o
NMI_Handler                                       build/stm32f1xx_it.o
PVD_IRQHandler                                    build/startup_stm32f103xe.o
PendSV_Handler                                    build/port.o
RCC_IRQHandler                                    build/startup_stm32f103xe.o
RTC_Alarm_IRQHandler                              build/startup_stm32f103xe.o
RTC_IRQHandler                                    build/startup_stm32f103xe.o
Reset_Handler                                     build/startup_stm32f103xe.o
SDIO_IRQHandler                                   build/startup_stm32f103xe.o
SPI1_IRQHandler                                   build/startup_stm32f103xe.o
SPI2_IRQHandler                                   build/startup_stm32f103xe.o
SPI3_IRQHandler                                   build/startup_stm32f103xe.o
SVC_Handler                                       build/port.o
SysTick_Handler                                   build/stm32f1xx_it.o
SystemClock_Config                                build/main.o
SystemCoreClock                                   build/system_stm32f1xx.o
                                                  build/port.o
                                                  build/stm32f1xx_hal_rcc.o
                                                  build/stm32f1xx_hal.o
SystemCoreClockUpdate                             build/system_stm32f1xx.o
SystemInit                                        build/system_stm32f1xx.o
                                                  build/startup_stm32f103xe.o
TAMPER_IRQHandler                                 build/startup_stm32f103xe.o
TIM1_BRK_IRQHandler                               build/startup_stm32f103xe.o
TIM1_CC_IRQHandler                                build/startup_stm32f103xe.o
TIM1_TRG_COM_IRQHandler                           build/startup_stm32f103xe.o
TIM1_UP_IRQHandler                                build/startup_stm32f103xe.o
TIM2_IRQHandler                                   build/startup_stm32f103xe.o
TIM3_IRQHandler                                   build/startup_stm32f103xe.o
TIM4_IRQHandler                                   build/stm32f1xx_it.o
TIM5_IRQHandler                                   build/startup_stm32f103xe.o
TIM6_IRQHandler                                   build/startup_stm32f103xe.o
TIM7_IRQHandler                                   build/startup_stm32f103xe.o
TIM8_BRK_IRQHandler                               build/startup_stm32f103xe.o
TIM8_CC_IRQHandler                                build/startup_stm32f103xe.o
TIM8_TRG_COM_IRQHandler                           build/startup_stm32f103xe.o
TIM8_UP_IRQHandler                                build/startup_stm32f103xe.o
TIMEx_DMACommutationCplt                          build/stm32f1xx_hal_tim_ex.o
                                                  build/stm32f1xx_hal_tim.o
TIM_Base_SetConfig                                build/stm32f1xx_hal_tim.o
                                                  build/stm32f1xx_hal_tim_ex.o
TIM_CCxChannelCmd                                 build/stm32f1xx_hal_tim.o
                                                  build/stm32f1xx_hal_tim_ex.o
TIM_DMACaptureCplt                                build/stm32f1xx_hal_tim.o
                                                  build/stm32f1xx_hal_tim_ex.o
TIM_DMADelayPulseCplt                             build/stm32f1xx_hal_tim.o
                                                  build/stm32f1xx_hal_tim_ex.o
TIM_DMAError                                      build/stm32f1xx_hal_tim.o
                                                  build/stm32f1xx_hal_tim_ex.o
TIM_OC2_SetConfig                                 build/stm32f1xx_hal_tim.o
                                                  build/stm32f1xx_hal_tim_ex.o
TIM_TI1_SetConfig                                 build/stm32f1xx_hal_tim.o
                                                  build/stm32f1xx_hal_tim_ex.o
Task_LED0Handle                                   build/main.o
Task_LED1Handle                                   build/main.o
UART4_IRQHandler                                  build/startup_stm32f103xe.o
UART5_IRQHandler                                  build/startup_stm32f103xe.o
USART1_IRQHandler                                 build/startup_stm32f103xe.o
USART2_IRQHandler                                 build/startup_stm32f103xe.o
USART3_IRQHandler                                 build/startup_stm32f103xe.o
USBWakeUp_IRQHandler                              build/startup_stm32f103xe.o
USB_HP_CAN1_TX_IRQHandler                         build/startup_stm32f103xe.o
USB_LP_CAN1_RX0_IRQHandler                        build/startup_stm32f103xe.o
UsageFault_Handler                                build/stm32f1xx_it.o
WWDG_IRQHandler                                   build/startup_stm32f103xe.o
XX_complex                                        build/FFT.o
_Error_Handler                                    build/main.o
_ITM_deregisterTMCloneTable                       /usr/lib/gcc/arm-none-eabi/5.4.1/armv7-m/crtbegin.o
_ITM_registerTMCloneTable                         /usr/lib/gcc/arm-none-eabi/5.4.1/armv7-m/crtbegin.o
_Jv_RegisterClasses                               /usr/lib/gcc/arm-none-eabi/5.4.1/armv7-m/crtbegin.o
__TMC_END__                                       /usr/lib/gcc/arm-none-eabi/5.4.1/armv7-m/crtend.o
                                                  /usr/lib/gcc/arm-none-eabi/5.4.1/armv7-m/crtbegin.o
__adddf3                                          /usr/lib/gcc/arm-none-eabi/5.4.1/armv7-m/libgcc.a(_arm_addsubdf3.o)
__aeabi_cdcmpeq                                   /usr/lib/gcc/arm-none-eabi/5.4.1/armv7-m/libgcc.a(_arm_cmpdf2.o)
__aeabi_cdcmple                                   /usr/lib/gcc/arm-none-eabi/5.4.1/armv7-m/libgcc.a(_arm_cmpdf2.o)
__aeabi_cdrcmple                                  /usr/lib/gcc/arm-none-eabi/5.4.1/armv7-m/libgcc.a(_arm_cmpdf2.o)
__aeabi_d2iz                                      /usr/lib/gcc/arm-none-eabi/5.4.1/armv7-m/libgcc.a(_arm_fixdfsi.o)
                                                  /usr/lib/gcc/arm-none-eabi/5.4.1/../../../arm-none-eabi/lib/armv7-m/libm.a(lib_a-k_sin.o)
                                                  /usr/lib/gcc/arm-none-eabi/5.4.1/../../../arm-none-eabi/lib/armv7-m/libm.a(lib_a-k_rem_pio2.o)
                                                  /usr/lib/gcc/arm-none-eabi/5.4.1/../../../arm-none-eabi/lib/armv7-m/libm.a(lib_a-k_cos.o)
                                                  /usr/lib/gcc/arm-none-eabi/5.4.1/../../../arm-none-eabi/lib/armv7-m/libm.a(lib_a-e_rem_pio2.o)
__aeabi_dadd                                      /usr/lib/gcc/arm-none-eabi/5.4.1/armv7-m/libgcc.a(_arm_addsubdf3.o)
                                                  /usr/lib/gcc/arm-none-eabi/5.4.1/../../../arm-none-eabi/lib/armv7-m/libm.a(lib_a-s_scalbn.o)
                                                  /usr/lib/gcc/arm-none-eabi/5.4.1/../../../arm-none-eabi/lib/armv7-m/libm.a(lib_a-s_floor.o)
                                                  /usr/lib/gcc/arm-none-eabi/5.4.1/../../../arm-none-eabi/lib/armv7-m/libm.a(lib_a-k_sin.o)
                                                  /usr/lib/gcc/arm-none-eabi/5.4.1/../../../arm-none-eabi/lib/armv7-m/libm.a(lib_a-k_rem_pio2.o)
                                                  /usr/lib/gcc/arm-none-eabi/5.4.1/../../../arm-none-eabi/lib/armv7-m/libm.a(lib_a-k_cos.o)
                                                  /usr/lib/gcc/arm-none-eabi/5.4.1/../../../arm-none-eabi/lib/armv7-m/libm.a(lib_a-e_rem_pio2.o)
                                                  build/FFT.o
__aeabi_dcmpeq                                    /usr/lib/gcc/arm-none-eabi/5.4.1/armv7-m/libgcc.a(_arm_cmpdf2.o)
                                                  /usr/lib/gcc/arm-none-eabi/5.4.1/../../../arm-none-eabi/lib/armv7-m/libm.a(lib_a-k_rem_pio2.o)